2026/02/13 19:55:00 main.go:139: [33mWARN[0m Phase 0 Creating 5 Baseline Things
2026/02/13 19:55:00 tmplLogic.go:38: [33mWARN[0m Performing duplicate check for TemplateStoreV6 record 7838505864677354e5c9ba0a1ee3e606c7a54d765b1a06de254de0ae170742f7
2026/02/13 19:55:00 tmplLogic.go:48: [33mWARN[0m Duplicate check failed for TemplateStoreV6 record: TemplateStoreV6 not found where (Name=matttownsend_0001) - NO RECORD EXISTS, DONT SKIP CREATE
2026/02/13 19:55:00 tmplLogic.go:93: [33mWARN[0m PostCreate logic executed for TemplateStore Key: 7838505864677354e5c9ba0a1ee3e606c7a54d765b1a06de254de0ae170742f7 [90m<#dump // dao/test/tmplLogic/tmplLogic.go:93[0m
[1;38;5;113mcontext.Background.WithValue(contextHandler.contextKey, *pond.pool).WithValue(contextHandler.contextKey, UserKey123).WithValue(contextHandler.contextKey, UserCode123)[0m[90m #*context.valueCtx[0m
 [CREATE@2026-02-13 19:55:00] Locks: [90m<#dump // dao/test/tmplLogic/tmplLogic.go:93[0m
[90m#sync.Mutex[0m {
  [33m-[0m_ => [90m#sync.noCopy[0m {
  }
  [33m-[0mmu      => [90m#sync.Mutex[0m {
    [33m-[0mstate => [38;5;38m1[0m[90m #int32[0m
    [33m-[0msema  => [38;5;38m0[0m[90m #uint32[0m
  }
}
2026/02/13 19:55:00 tmplLogic.go:136: [33mWARN[0m Cloner logic executed for TemplateStore Name: matttownsend_0001
2026/02/13 19:55:00 tmplLogic.go:146: [33mWARN[0m Cloner created clone for TemplateStore Name: matttownsend_0001 with new Name: matttownsend_0001_clone ([90m<#dump // dao/test/tmplLogic/tmplLogic.go:146[0m
[90m#*templateStoreV6.TemplateStoreV6[0m {
  [33m+[0mID                 => [38;5;38m0[0m[90m #int[0m
  [33m+[0mKey                => [33m"[0m[1;38;5;113m[0m[33m"[0m[90m #string[0m
  [33m+[0mRaw                => [33m"[0m[1;38;5;113m[0m[33m"[0m[90m #string[0m
  [33m+[0mAudit              => [90m#audit.Audit[0m {
    [33m+[0mCreatedAt        => [1;38;5;113m0001-01-01 00:00:00 +0000 UTC[0m[90m #time.Time[0m
    [33m+[0mCreatedBy        => [33m"[0m[1;38;5;113m[0m[33m"[0m[90m #string[0m
    [33m+[0mCreatedOn        => [33m"[0m[1;38;5;113m[0m[33m"[0m[90m #string[0m
    [33m+[0mCreatedAtDisplay => [33m"[0m[1;38;5;113m[0m[33m"[0m[90m #string[0m
    [33m+[0mUpdates          => [1;38;5;113m[]audit.AuditUpdateInfo[0m[90m(nil)[0m
    [33m+[0mDeletedAt        => [1;38;5;113m0001-01-01 00:00:00 +0000 UTC[0m[90m #time.Time[0m
    [33m+[0mDeletedBy        => [33m"[0m[1;38;5;113m[0m[33m"[0m[90m #string[0m
    [33m+[0mDeletedOn        => [33m"[0m[1;38;5;113m[0m[33m"[0m[90m #string[0m
    [33m+[0mDeletedAtDisplay => [33m"[0m[1;38;5;113m[0m[33m"[0m[90m #string[0m
    [33m+[0mAuditSequence    => [90m#entities.Int[0m {
      [33m+[0mValue          => [33m"[0m[1;38;5;113m[0m[33m"[0m[90m #string[0m
    }
    [33m+[0mDBVersion => [90m#entities.Int[0m {
      [33m+[0mValue   => [33m"[0m[1;38;5;113m[0m[33m"[0m[90m #string[0m
    }
  }
  [33m+[0mLock => [90m#sync.Mutex[0m {
    [33m-[0m_  => [90m#sync.noCopy[0m {
    }
    [33m-[0mmu      => [90m#sync.Mutex[0m {
      [33m-[0mstate => [38;5;38m0[0m[90m #int32[0m
      [33m-[0msema  => [38;5;38m0[0m[90m #uint32[0m
    }
  }
  [33m+[0mName                  => [33m"[0m[1;38;5;113mmatttownsend_0001_clone[0m[33m"[0m[90m #string[0m
  [33m+[0mProfile               => [33m"[0m[1;38;5;113mStandard[0m[33m"[0m[90m #string[0m
  [33m+[0mProfileKey            => [33m"[0m[1;38;5;113mstandard[0m[33m"[0m[90m #string[0m
  [33m+[0mProfileEnrichment     => [33m"[0m[1;38;5;113mStandard profile with no special requirements[0m[33m"[0m[90m #string[0m
  [33m+[0mStatusKey             => [33m"[0m[1;38;5;113m[0m[33m"[0m[90m #string[0m
  [33m+[0mStatusEnrichment      => [33m"[0m[1;38;5;113m[0m[33m"[0m[90m #string[0m
  [33m+[0mDestination           => [33m"[0m[1;38;5;113mmatttownsend_0001's Destination[0m[33m"[0m[90m #string[0m
  [33m+[0mDestinationKey        => [33m"[0m[1;38;5;113m[0m[33m"[0m[90m #string[0m
  [33m+[0mDestinationEnrichment => [33m"[0m[1;38;5;113m[0m[33m"[0m[90m #string[0m
  [33m+[0mNotes                 => [33m"[0m[1;38;5;113m[0m[33m"[0m[90m #string[0m
  [33m+[0mStartDate             => [1;38;5;113m0001-01-01 00:00:00 +0000 UTC[0m[90m #time.Time[0m
  [33m+[0mEndDate               => [1;38;5;113m0001-01-01 00:00:00 +0000 UTC[0m[90m #time.Time[0m
  [33m+[0mDisplayStartDate      => [33m"[0m[1;38;5;113m[0m[33m"[0m[90m #string[0m
  [33m+[0mDisplayEndDate        => [33m"[0m[1;38;5;113m[0m[33m"[0m[90m #string[0m
  [33m+[0mDurationInDays        => [90m#entities.Int[0m {
    [33m+[0mValue               => [33m"[0m[1;38;5;113m[0m[33m"[0m[90m #string[0m
  }
  [33m+[0mMinimumNumberOfItems => [90m#entities.Int[0m {
    [33m+[0mValue              => [33m"[0m[1;38;5;113m[0m[33m"[0m[90m #string[0m
  }
  [33m+[0mCountdown => [90m#entities.Int[0m {
    [33m+[0mValue   => [33m"[0m[1;38;5;113m[0m[33m"[0m[90m #string[0m
  }
  [33m+[0mTotalItems => [90m#entities.Int[0m {
    [33m+[0mValue    => [33m"[0m[1;38;5;113m[0m[33m"[0m[90m #string[0m
  }
  [33m+[0mTotalItemsPacked => [90m#entities.Int[0m {
    [33m+[0mValue          => [33m"[0m[1;38;5;113m[0m[33m"[0m[90m #string[0m
  }
  [33m+[0mYear           => [33m"[0m[1;38;5;113m[0m[33m"[0m[90m #string[0m
  [33m+[0mDisplayID      => [33m"[0m[1;38;5;113m[0m[33m"[0m[90m #string[0m
  [33m+[0mSequenceNumber => [90m#entities.Int[0m {
    [33m+[0mValue        => [33m"[0m[1;38;5;113m[0m[33m"[0m[90m #string[0m
  }
  [33m+[0mPackingProgress => [90m#entities.Int[0m {
    [33m+[0mValue         => [33m"[0m[1;38;5;113m[0m[33m"[0m[90m #string[0m
  }
  [33m+[0mTripProgress => [90m#entities.Int[0m {
    [33m+[0mValue      => [33m"[0m[1;38;5;113m[0m[33m"[0m[90m #string[0m
  }
  [33m+[0mCompleted => [90m#entities.Bool[0m {
    [33m+[0mValue   => [33m"[0m[1;38;5;113m[0m[33m"[0m[90m #string[0m
  }
  [33m+[0mStartNotified => [90m#entities.Bool[0m {
    [33m+[0mValue       => [33m"[0m[1;38;5;113m[0m[33m"[0m[90m #string[0m
  }
  [33m+[0mEndWarned => [90m#entities.Bool[0m {
    [33m+[0mValue   => [33m"[0m[1;38;5;113m[0m[33m"[0m[90m #string[0m
  }
  [33m+[0mEndNotified => [90m#entities.Bool[0m {
    [33m+[0mValue     => [33m"[0m[1;38;5;113m[0m[33m"[0m[90m #string[0m
  }
  [33m+[0mLastHost => [33m"[0m[1;38;5;113m[0m[33m"[0m[90m #string[0m
  [33m+[0mPostTest => [90m#[]string[0m [
    [38;5;38m0[0m => [33m"[0m[1;38;5;113mCREATE@2026-02-13 19:55:00[0m[33m"[0m[90m #string[0m
    [38;5;38m1[0m => [33m"[0m[1;38;5;113mPOSTCREATE@2026-02-13 19:55:00[0m[33m"[0m[90m #string[0m
    [38;5;38m2[0m => [33m"[0m[1;38;5;113mCLONED@2026-02-13 19:55:00[0m[33m"[0m[90m #string[0m
  ]
}
)
2026/02/13 19:55:00 tmplLogic.go:38: [33mWARN[0m Performing duplicate check for TemplateStoreV6 record 464dfb7794e6567f91214b627931ff25be99fa560df2d928abb0444cb9acaa56
2026/02/13 19:55:00 tmplLogic.go:48: [33mWARN[0m Duplicate check failed for TemplateStoreV6 record: TemplateStoreV6 not found where (Name=matttownsend_0002) - NO RECORD EXISTS, DONT SKIP CREATE
2026/02/13 19:55:01 tmplLogic.go:93: [33mWARN[0m PostCreate logic executed for TemplateStore Key: 464dfb7794e6567f91214b627931ff25be99fa560df2d928abb0444cb9acaa56 [90m<#dump // dao/test/tmplLogic/tmplLogic.go:93[0m
[1;38;5;113mcontext.Background.WithValue(contextHandler.contextKey, *pond.pool).WithValue(contextHandler.contextKey, UserKey123).WithValue(contextHandler.contextKey, UserCode123)[0m[90m #*context.valueCtx[0m
 [CREATE@2026-02-13 19:55:00] Locks: [90m<#dump // dao/test/tmplLogic/tmplLogic.go:93[0m
[90m#sync.Mutex[0m {
  [33m-[0m_ => [90m#sync.noCopy[0m {
  }
  [33m-[0mmu      => [90m#sync.Mutex[0m {
    [33m-[0mstate => [38;5;38m1[0m[90m #int32[0m
    [33m-[0msema  => [38;5;38m0[0m[90m #uint32[0m
  }
}
2026/02/13 19:55:01 tmplLogic.go:136: [33mWARN[0m Cloner logic executed for TemplateStore Name: matttownsend_0002
2026/02/13 19:55:01 tmplLogic.go:146: [33mWARN[0m Cloner created clone for TemplateStore Name: matttownsend_0002 with new Name: matttownsend_0002_clone ([90m<#dump // dao/test/tmplLogic/tmplLogic.go:146[0m
[90m#*templateStoreV6.TemplateStoreV6[0m {
  [33m+[0mID                 => [38;5;38m0[0m[90m #int[0m
  [33m+[0mKey                => [33m"[0m[1;38;5;113m[0m[33m"[0m[90m #string[0m
  [33m+[0mRaw                => [33m"[0m[1;38;5;113m[0m[33m"[0m[90m #string[0m
  [33m+[0mAudit              => [90m#audit.Audit[0m {
    [33m+[0mCreatedAt        => [1;38;5;113m0001-01-01 00:00:00 +0000 UTC[0m[90m #time.Time[0m
    [33m+[0mCreatedBy        => [33m"[0m[1;38;5;113m[0m[33m"[0m[90m #string[0m
    [33m+[0mCreatedOn        => [33m"[0m[1;38;5;113m[0m[33m"[0m[90m #string[0m
    [33m+[0mCreatedAtDisplay => [33m"[0m[1;38;5;113m[0m[33m"[0m[90m #string[0m
    [33m+[0mUpdates          => [1;38;5;113m[]audit.AuditUpdateInfo[0m[90m(nil)[0m
    [33m+[0mDeletedAt        => [1;38;5;113m0001-01-01 00:00:00 +0000 UTC[0m[90m #time.Time[0m
    [33m+[0mDeletedBy        => [33m"[0m[1;38;5;113m[0m[33m"[0m[90m #string[0m
    [33m+[0mDeletedOn        => [33m"[0m[1;38;5;113m[0m[33m"[0m[90m #string[0m
    [33m+[0mDeletedAtDisplay => [33m"[0m[1;38;5;113m[0m[33m"[0m[90m #string[0m
    [33m+[0mAuditSequence    => [90m#entities.Int[0m {
      [33m+[0mValue          => [33m"[0m[1;38;5;113m[0m[33m"[0m[90m #string[0m
    }
    [33m+[0mDBVersion => [90m#entities.Int[0m {
      [33m+[0mValue   => [33m"[0m[1;38;5;113m[0m[33m"[0m[90m #string[0m
    }
  }
  [33m+[0mLock => [90m#sync.Mutex[0m {
    [33m-[0m_  => [90m#sync.noCopy[0m {
    }
    [33m-[0mmu      => [90m#sync.Mutex[0m {
      [33m-[0mstate => [38;5;38m0[0m[90m #int32[0m
      [33m-[0msema  => [38;5;38m0[0m[90m #uint32[0m
    }
  }
  [33m+[0mName                  => [33m"[0m[1;38;5;113mmatttownsend_0002_clone[0m[33m"[0m[90m #string[0m
  [33m+[0mProfile               => [33m"[0m[1;38;5;113mStandard[0m[33m"[0m[90m #string[0m
  [33m+[0mProfileKey            => [33m"[0m[1;38;5;113mstandard[0m[33m"[0m[90m #string[0m
  [33m+[0mProfileEnrichment     => [33m"[0m[1;38;5;113mStandard profile with no special requirements[0m[33m"[0m[90m #string[0m
  [33m+[0mStatusKey             => [33m"[0m[1;38;5;113m[0m[33m"[0m[90m #string[0m
  [33m+[0mStatusEnrichment      => [33m"[0m[1;38;5;113m[0m[33m"[0m[90m #string[0m
  [33m+[0mDestination           => [33m"[0m[1;38;5;113mmatttownsend_0002's Destination[0m[33m"[0m[90m #string[0m
  [33m+[0mDestinationKey        => [33m"[0m[1;38;5;113m[0m[33m"[0m[90m #string[0m
  [33m+[0mDestinationEnrichment => [33m"[0m[1;38;5;113m[0m[33m"[0m[90m #string[0m
  [33m+[0mNotes                 => [33m"[0m[1;38;5;113m[0m[33m"[0m[90m #string[0m
  [33m+[0mStartDate             => [1;38;5;113m0001-01-01 00:00:00 +0000 UTC[0m[90m #time.Time[0m
  [33m+[0mEndDate               => [1;38;5;113m0001-01-01 00:00:00 +0000 UTC[0m[90m #time.Time[0m
  [33m+[0mDisplayStartDate      => [33m"[0m[1;38;5;113m[0m[33m"[0m[90m #string[0m
  [33m+[0mDisplayEndDate        => [33m"[0m[1;38;5;113m[0m[33m"[0m[90m #string[0m
  [33m+[0mDurationInDays        => [90m#entities.Int[0m {
    [33m+[0mValue               => [33m"[0m[1;38;5;113m[0m[33m"[0m[90m #string[0m
  }
  [33m+[0mMinimumNumberOfItems => [90m#entities.Int[0m {
    [33m+[0mValue              => [33m"[0m[1;38;5;113m[0m[33m"[0m[90m #string[0m
  }
  [33m+[0mCountdown => [90m#entities.Int[0m {
    [33m+[0mValue   => [33m"[0m[1;38;5;113m[0m[33m"[0m[90m #string[0m
  }
  [33m+[0mTotalItems => [90m#entities.Int[0m {
    [33m+[0mValue    => [33m"[0m[1;38;5;113m[0m[33m"[0m[90m #string[0m
  }
  [33m+[0mTotalItemsPacked => [90m#entities.Int[0m {
    [33m+[0mValue          => [33m"[0m[1;38;5;113m[0m[33m"[0m[90m #string[0m
  }
  [33m+[0mYear           => [33m"[0m[1;38;5;113m[0m[33m"[0m[90m #string[0m
  [33m+[0mDisplayID      => [33m"[0m[1;38;5;113m[0m[33m"[0m[90m #string[0m
  [33m+[0mSequenceNumber => [90m#entities.Int[0m {
    [33m+[0mValue        => [33m"[0m[1;38;5;113m[0m[33m"[0m[90m #string[0m
  }
  [33m+[0mPackingProgress => [90m#entities.Int[0m {
    [33m+[0mValue         => [33m"[0m[1;38;5;113m[0m[33m"[0m[90m #string[0m
  }
  [33m+[0mTripProgress => [90m#entities.Int[0m {
    [33m+[0mValue      => [33m"[0m[1;38;5;113m[0m[33m"[0m[90m #string[0m
  }
  [33m+[0mCompleted => [90m#entities.Bool[0m {
    [33m+[0mValue   => [33m"[0m[1;38;5;113m[0m[33m"[0m[90m #string[0m
  }
  [33m+[0mStartNotified => [90m#entities.Bool[0m {
    [33m+[0mValue       => [33m"[0m[1;38;5;113m[0m[33m"[0m[90m #string[0m
  }
  [33m+[0mEndWarned => [90m#entities.Bool[0m {
    [33m+[0mValue   => [33m"[0m[1;38;5;113m[0m[33m"[0m[90m #string[0m
  }
  [33m+[0mEndNotified => [90m#entities.Bool[0m {
    [33m+[0mValue     => [33m"[0m[1;38;5;113m[0m[33m"[0m[90m #string[0m
  }
  [33m+[0mLastHost => [33m"[0m[1;38;5;113m[0m[33m"[0m[90m #string[0m
  [33m+[0mPostTest => [90m#[]string[0m [
    [38;5;38m0[0m => [33m"[0m[1;38;5;113mCREATE@2026-02-13 19:55:00[0m[33m"[0m[90m #string[0m
    [38;5;38m1[0m => [33m"[0m[1;38;5;113mPOSTCREATE@2026-02-13 19:55:01[0m[33m"[0m[90m #string[0m
    [38;5;38m2[0m => [33m"[0m[1;38;5;113mCLONED@2026-02-13 19:55:01[0m[33m"[0m[90m #string[0m
  ]
}
)
2026/02/13 19:55:01 tmplLogic.go:38: [33mWARN[0m Performing duplicate check for TemplateStoreV6 record 85af2689ae8590f7534005bec2e4e74c78e615f8e741cb24cde2e4ed66458427
2026/02/13 19:55:01 tmplLogic.go:48: [33mWARN[0m Duplicate check failed for TemplateStoreV6 record: TemplateStoreV6 not found where (Name=matttownsend_0003) - NO RECORD EXISTS, DONT SKIP CREATE
2026/02/13 19:55:01 tmplLogic.go:93: [33mWARN[0m PostCreate logic executed for TemplateStore Key: 85af2689ae8590f7534005bec2e4e74c78e615f8e741cb24cde2e4ed66458427 [90m<#dump // dao/test/tmplLogic/tmplLogic.go:93[0m
[1;38;5;113mcontext.Background.WithValue(contextHandler.contextKey, *pond.pool).WithValue(contextHandler.contextKey, UserKey123).WithValue(contextHandler.contextKey, UserCode123)[0m[90m #*context.valueCtx[0m
 [CREATE@2026-02-13 19:55:01] Locks: [90m<#dump // dao/test/tmplLogic/tmplLogic.go:93[0m
[90m#sync.Mutex[0m {
  [33m-[0m_ => [90m#sync.noCopy[0m {
  }
  [33m-[0mmu      => [90m#sync.Mutex[0m {
    [33m-[0mstate => [38;5;38m1[0m[90m #int32[0m
    [33m-[0msema  => [38;5;38m0[0m[90m #uint32[0m
  }
}
2026/02/13 19:55:01 tmplLogic.go:136: [33mWARN[0m Cloner logic executed for TemplateStore Name: matttownsend_0003
2026/02/13 19:55:01 tmplLogic.go:146: [33mWARN[0m Cloner created clone for TemplateStore Name: matttownsend_0003 with new Name: matttownsend_0003_clone ([90m<#dump // dao/test/tmplLogic/tmplLogic.go:146[0m
[90m#*templateStoreV6.TemplateStoreV6[0m {
  [33m+[0mID                 => [38;5;38m0[0m[90m #int[0m
  [33m+[0mKey                => [33m"[0m[1;38;5;113m[0m[33m"[0m[90m #string[0m
  [33m+[0mRaw                => [33m"[0m[1;38;5;113m[0m[33m"[0m[90m #string[0m
  [33m+[0mAudit              => [90m#audit.Audit[0m {
    [33m+[0mCreatedAt        => [1;38;5;113m0001-01-01 00:00:00 +0000 UTC[0m[90m #time.Time[0m
    [33m+[0mCreatedBy        => [33m"[0m[1;38;5;113m[0m[33m"[0m[90m #string[0m
    [33m+[0mCreatedOn        => [33m"[0m[1;38;5;113m[0m[33m"[0m[90m #string[0m
    [33m+[0mCreatedAtDisplay => [33m"[0m[1;38;5;113m[0m[33m"[0m[90m #string[0m
    [33m+[0mUpdates          => [1;38;5;113m[]audit.AuditUpdateInfo[0m[90m(nil)[0m
    [33m+[0mDeletedAt        => [1;38;5;113m0001-01-01 00:00:00 +0000 UTC[0m[90m #time.Time[0m
    [33m+[0mDeletedBy        => [33m"[0m[1;38;5;113m[0m[33m"[0m[90m #string[0m
    [33m+[0mDeletedOn        => [33m"[0m[1;38;5;113m[0m[33m"[0m[90m #string[0m
    [33m+[0mDeletedAtDisplay => [33m"[0m[1;38;5;113m[0m[33m"[0m[90m #string[0m
    [33m+[0mAuditSequence    => [90m#entities.Int[0m {
      [33m+[0mValue          => [33m"[0m[1;38;5;113m[0m[33m"[0m[90m #string[0m
    }
    [33m+[0mDBVersion => [90m#entities.Int[0m {
      [33m+[0mValue   => [33m"[0m[1;38;5;113m[0m[33m"[0m[90m #string[0m
    }
  }
  [33m+[0mLock => [90m#sync.Mutex[0m {
    [33m-[0m_  => [90m#sync.noCopy[0m {
    }
    [33m-[0mmu      => [90m#sync.Mutex[0m {
      [33m-[0mstate => [38;5;38m0[0m[90m #int32[0m
      [33m-[0msema  => [38;5;38m0[0m[90m #uint32[0m
    }
  }
  [33m+[0mName                  => [33m"[0m[1;38;5;113mmatttownsend_0003_clone[0m[33m"[0m[90m #string[0m
  [33m+[0mProfile               => [33m"[0m[1;38;5;113mStandard[0m[33m"[0m[90m #string[0m
  [33m+[0mProfileKey            => [33m"[0m[1;38;5;113mstandard[0m[33m"[0m[90m #string[0m
  [33m+[0mProfileEnrichment     => [33m"[0m[1;38;5;113mStandard profile with no special requirements[0m[33m"[0m[90m #string[0m
  [33m+[0mStatusKey             => [33m"[0m[1;38;5;113m[0m[33m"[0m[90m #string[0m
  [33m+[0mStatusEnrichment      => [33m"[0m[1;38;5;113m[0m[33m"[0m[90m #string[0m
  [33m+[0mDestination           => [33m"[0m[1;38;5;113mmatttownsend_0003's Destination[0m[33m"[0m[90m #string[0m
  [33m+[0mDestinationKey        => [33m"[0m[1;38;5;113m[0m[33m"[0m[90m #string[0m
  [33m+[0mDestinationEnrichment => [33m"[0m[1;38;5;113m[0m[33m"[0m[90m #string[0m
  [33m+[0mNotes                 => [33m"[0m[1;38;5;113m[0m[33m"[0m[90m #string[0m
  [33m+[0mStartDate             => [1;38;5;113m0001-01-01 00:00:00 +0000 UTC[0m[90m #time.Time[0m
  [33m+[0mEndDate               => [1;38;5;113m0001-01-01 00:00:00 +0000 UTC[0m[90m #time.Time[0m
  [33m+[0mDisplayStartDate      => [33m"[0m[1;38;5;113m[0m[33m"[0m[90m #string[0m
  [33m+[0mDisplayEndDate        => [33m"[0m[1;38;5;113m[0m[33m"[0m[90m #string[0m
  [33m+[0mDurationInDays        => [90m#entities.Int[0m {
    [33m+[0mValue               => [33m"[0m[1;38;5;113m[0m[33m"[0m[90m #string[0m
  }
  [33m+[0mMinimumNumberOfItems => [90m#entities.Int[0m {
    [33m+[0mValue              => [33m"[0m[1;38;5;113m[0m[33m"[0m[90m #string[0m
  }
  [33m+[0mCountdown => [90m#entities.Int[0m {
    [33m+[0mValue   => [33m"[0m[1;38;5;113m[0m[33m"[0m[90m #string[0m
  }
  [33m+[0mTotalItems => [90m#entities.Int[0m {
    [33m+[0mValue    => [33m"[0m[1;38;5;113m[0m[33m"[0m[90m #string[0m
  }
  [33m+[0mTotalItemsPacked => [90m#entities.Int[0m {
    [33m+[0mValue          => [33m"[0m[1;38;5;113m[0m[33m"[0m[90m #string[0m
  }
  [33m+[0mYear           => [33m"[0m[1;38;5;113m[0m[33m"[0m[90m #string[0m
  [33m+[0mDisplayID      => [33m"[0m[1;38;5;113m[0m[33m"[0m[90m #string[0m
  [33m+[0mSequenceNumber => [90m#entities.Int[0m {
    [33m+[0mValue        => [33m"[0m[1;38;5;113m[0m[33m"[0m[90m #string[0m
  }
  [33m+[0mPackingProgress => [90m#entities.Int[0m {
    [33m+[0mValue         => [33m"[0m[1;38;5;113m[0m[33m"[0m[90m #string[0m
  }
  [33m+[0mTripProgress => [90m#entities.Int[0m {
    [33m+[0mValue      => [33m"[0m[1;38;5;113m[0m[33m"[0m[90m #string[0m
  }
  [33m+[0mCompleted => [90m#entities.Bool[0m {
    [33m+[0mValue   => [33m"[0m[1;38;5;113m[0m[33m"[0m[90m #string[0m
  }
  [33m+[0mStartNotified => [90m#entities.Bool[0m {
    [33m+[0mValue       => [33m"[0m[1;38;5;113m[0m[33m"[0m[90m #string[0m
  }
  [33m+[0mEndWarned => [90m#entities.Bool[0m {
    [33m+[0mValue   => [33m"[0m[1;38;5;113m[0m[33m"[0m[90m #string[0m
  }
  [33m+[0mEndNotified => [90m#entities.Bool[0m {
    [33m+[0mValue     => [33m"[0m[1;38;5;113m[0m[33m"[0m[90m #string[0m
  }
  [33m+[0mLastHost => [33m"[0m[1;38;5;113m[0m[33m"[0m[90m #string[0m
  [33m+[0mPostTest => [90m#[]string[0m [
    [38;5;38m0[0m => [33m"[0m[1;38;5;113mCREATE@2026-02-13 19:55:01[0m[33m"[0m[90m #string[0m
    [38;5;38m1[0m => [33m"[0m[1;38;5;113mPOSTCREATE@2026-02-13 19:55:01[0m[33m"[0m[90m #string[0m
    [38;5;38m2[0m => [33m"[0m[1;38;5;113mCLONED@2026-02-13 19:55:01[0m[33m"[0m[90m #string[0m
  ]
}
)
2026/02/13 19:55:01 tmplLogic.go:38: [33mWARN[0m Performing duplicate check for TemplateStoreV6 record 56de19d8468fcbfd4dfdddf2cf0a40aface1a5863df188cbb60c016b25cc580f
2026/02/13 19:55:01 tmplLogic.go:48: [33mWARN[0m Duplicate check failed for TemplateStoreV6 record: TemplateStoreV6 not found where (Name=matttownsend_0004) - NO RECORD EXISTS, DONT SKIP CREATE
2026/02/13 19:55:01 tmplLogic.go:93: [33mWARN[0m PostCreate logic executed for TemplateStore Key: 56de19d8468fcbfd4dfdddf2cf0a40aface1a5863df188cbb60c016b25cc580f [90m<#dump // dao/test/tmplLogic/tmplLogic.go:93[0m
[1;38;5;113mcontext.Background.WithValue(contextHandler.contextKey, *pond.pool).WithValue(contextHandler.contextKey, UserKey123).WithValue(contextHandler.contextKey, UserCode123)[0m[90m #*context.valueCtx[0m
 [CREATE@2026-02-13 19:55:01] Locks: [90m<#dump // dao/test/tmplLogic/tmplLogic.go:93[0m
[90m#sync.Mutex[0m {
  [33m-[0m_ => [90m#sync.noCopy[0m {
  }
  [33m-[0mmu      => [90m#sync.Mutex[0m {
    [33m-[0mstate => [38;5;38m1[0m[90m #int32[0m
    [33m-[0msema  => [38;5;38m0[0m[90m #uint32[0m
  }
}
2026/02/13 19:55:01 tmplLogic.go:136: [33mWARN[0m Cloner logic executed for TemplateStore Name: matttownsend_0004
2026/02/13 19:55:01 tmplLogic.go:146: [33mWARN[0m Cloner created clone for TemplateStore Name: matttownsend_0004 with new Name: matttownsend_0004_clone ([90m<#dump // dao/test/tmplLogic/tmplLogic.go:146[0m
[90m#*templateStoreV6.TemplateStoreV6[0m {
  [33m+[0mID                 => [38;5;38m0[0m[90m #int[0m
  [33m+[0mKey                => [33m"[0m[1;38;5;113m[0m[33m"[0m[90m #string[0m
  [33m+[0mRaw                => [33m"[0m[1;38;5;113m[0m[33m"[0m[90m #string[0m
  [33m+[0mAudit              => [90m#audit.Audit[0m {
    [33m+[0mCreatedAt        => [1;38;5;113m0001-01-01 00:00:00 +0000 UTC[0m[90m #time.Time[0m
    [33m+[0mCreatedBy        => [33m"[0m[1;38;5;113m[0m[33m"[0m[90m #string[0m
    [33m+[0mCreatedOn        => [33m"[0m[1;38;5;113m[0m[33m"[0m[90m #string[0m
    [33m+[0mCreatedAtDisplay => [33m"[0m[1;38;5;113m[0m[33m"[0m[90m #string[0m
    [33m+[0mUpdates          => [1;38;5;113m[]audit.AuditUpdateInfo[0m[90m(nil)[0m
    [33m+[0mDeletedAt        => [1;38;5;113m0001-01-01 00:00:00 +0000 UTC[0m[90m #time.Time[0m
    [33m+[0mDeletedBy        => [33m"[0m[1;38;5;113m[0m[33m"[0m[90m #string[0m
    [33m+[0mDeletedOn        => [33m"[0m[1;38;5;113m[0m[33m"[0m[90m #string[0m
    [33m+[0mDeletedAtDisplay => [33m"[0m[1;38;5;113m[0m[33m"[0m[90m #string[0m
    [33m+[0mAuditSequence    => [90m#entities.Int[0m {
      [33m+[0mValue          => [33m"[0m[1;38;5;113m[0m[33m"[0m[90m #string[0m
    }
    [33m+[0mDBVersion => [90m#entities.Int[0m {
      [33m+[0mValue   => [33m"[0m[1;38;5;113m[0m[33m"[0m[90m #string[0m
    }
  }
  [33m+[0mLock => [90m#sync.Mutex[0m {
    [33m-[0m_  => [90m#sync.noCopy[0m {
    }
    [33m-[0mmu      => [90m#sync.Mutex[0m {
      [33m-[0mstate => [38;5;38m0[0m[90m #int32[0m
      [33m-[0msema  => [38;5;38m0[0m[90m #uint32[0m
    }
  }
  [33m+[0mName                  => [33m"[0m[1;38;5;113mmatttownsend_0004_clone[0m[33m"[0m[90m #string[0m
  [33m+[0mProfile               => [33m"[0m[1;38;5;113mStandard[0m[33m"[0m[90m #string[0m
  [33m+[0mProfileKey            => [33m"[0m[1;38;5;113mstandard[0m[33m"[0m[90m #string[0m
  [33m+[0mProfileEnrichment     => [33m"[0m[1;38;5;113mStandard profile with no special requirements[0m[33m"[0m[90m #string[0m
  [33m+[0mStatusKey             => [33m"[0m[1;38;5;113m[0m[33m"[0m[90m #string[0m
  [33m+[0mStatusEnrichment      => [33m"[0m[1;38;5;113m[0m[33m"[0m[90m #string[0m
  [33m+[0mDestination           => [33m"[0m[1;38;5;113mmatttownsend_0004's Destination[0m[33m"[0m[90m #string[0m
  [33m+[0mDestinationKey        => [33m"[0m[1;38;5;113m[0m[33m"[0m[90m #string[0m
  [33m+[0mDestinationEnrichment => [33m"[0m[1;38;5;113m[0m[33m"[0m[90m #string[0m
  [33m+[0mNotes                 => [33m"[0m[1;38;5;113m[0m[33m"[0m[90m #string[0m
  [33m+[0mStartDate             => [1;38;5;113m0001-01-01 00:00:00 +0000 UTC[0m[90m #time.Time[0m
  [33m+[0mEndDate               => [1;38;5;113m0001-01-01 00:00:00 +0000 UTC[0m[90m #time.Time[0m
  [33m+[0mDisplayStartDate      => [33m"[0m[1;38;5;113m[0m[33m"[0m[90m #string[0m
  [33m+[0mDisplayEndDate        => [33m"[0m[1;38;5;113m[0m[33m"[0m[90m #string[0m
  [33m+[0mDurationInDays        => [90m#entities.Int[0m {
    [33m+[0mValue               => [33m"[0m[1;38;5;113m[0m[33m"[0m[90m #string[0m
  }
  [33m+[0mMinimumNumberOfItems => [90m#entities.Int[0m {
    [33m+[0mValue              => [33m"[0m[1;38;5;113m[0m[33m"[0m[90m #string[0m
  }
  [33m+[0mCountdown => [90m#entities.Int[0m {
    [33m+[0mValue   => [33m"[0m[1;38;5;113m[0m[33m"[0m[90m #string[0m
  }
  [33m+[0mTotalItems => [90m#entities.Int[0m {
    [33m+[0mValue    => [33m"[0m[1;38;5;113m[0m[33m"[0m[90m #string[0m
  }
  [33m+[0mTotalItemsPacked => [90m#entities.Int[0m {
    [33m+[0mValue          => [33m"[0m[1;38;5;113m[0m[33m"[0m[90m #string[0m
  }
  [33m+[0mYear           => [33m"[0m[1;38;5;113m[0m[33m"[0m[90m #string[0m
  [33m+[0mDisplayID      => [33m"[0m[1;38;5;113m[0m[33m"[0m[90m #string[0m
  [33m+[0mSequenceNumber => [90m#entities.Int[0m {
    [33m+[0mValue        => [33m"[0m[1;38;5;113m[0m[33m"[0m[90m #string[0m
  }
  [33m+[0mPackingProgress => [90m#entities.Int[0m {
    [33m+[0mValue         => [33m"[0m[1;38;5;113m[0m[33m"[0m[90m #string[0m
  }
  [33m+[0mTripProgress => [90m#entities.Int[0m {
    [33m+[0mValue      => [33m"[0m[1;38;5;113m[0m[33m"[0m[90m #string[0m
  }
  [33m+[0mCompleted => [90m#entities.Bool[0m {
    [33m+[0mValue   => [33m"[0m[1;38;5;113m[0m[33m"[0m[90m #string[0m
  }
  [33m+[0mStartNotified => [90m#entities.Bool[0m {
    [33m+[0mValue       => [33m"[0m[1;38;5;113m[0m[33m"[0m[90m #string[0m
  }
  [33m+[0mEndWarned => [90m#entities.Bool[0m {
    [33m+[0mValue   => [33m"[0m[1;38;5;113m[0m[33m"[0m[90m #string[0m
  }
  [33m+[0mEndNotified => [90m#entities.Bool[0m {
    [33m+[0mValue     => [33m"[0m[1;38;5;113m[0m[33m"[0m[90m #string[0m
  }
  [33m+[0mLastHost => [33m"[0m[1;38;5;113m[0m[33m"[0m[90m #string[0m
  [33m+[0mPostTest => [90m#[]string[0m [
    [38;5;38m0[0m => [33m"[0m[1;38;5;113mCREATE@2026-02-13 19:55:01[0m[33m"[0m[90m #string[0m
    [38;5;38m1[0m => [33m"[0m[1;38;5;113mPOSTCREATE@2026-02-13 19:55:01[0m[33m"[0m[90m #string[0m
    [38;5;38m2[0m => [33m"[0m[1;38;5;113mCLONED@2026-02-13 19:55:01[0m[33m"[0m[90m #string[0m
  ]
}
)
2026/02/13 19:55:01 tmplLogic.go:38: [33mWARN[0m Performing duplicate check for TemplateStoreV6 record b63414794993961d1ea84619ded8943535efb43e3c85feecb7ff8fd539870ede
2026/02/13 19:55:01 tmplLogic.go:48: [33mWARN[0m Duplicate check failed for TemplateStoreV6 record: TemplateStoreV6 not found where (Name=matttownsend_0005) - NO RECORD EXISTS, DONT SKIP CREATE
2026/02/13 19:55:01 tmplLogic.go:93: [33mWARN[0m PostCreate logic executed for TemplateStore Key: b63414794993961d1ea84619ded8943535efb43e3c85feecb7ff8fd539870ede [90m<#dump // dao/test/tmplLogic/tmplLogic.go:93[0m
[1;38;5;113mcontext.Background.WithValue(contextHandler.contextKey, *pond.pool).WithValue(contextHandler.contextKey, UserKey123).WithValue(contextHandler.contextKey, UserCode123)[0m[90m #*context.valueCtx[0m
 [CREATE@2026-02-13 19:55:01] Locks: [90m<#dump // dao/test/tmplLogic/tmplLogic.go:93[0m
[90m#sync.Mutex[0m {
  [33m-[0m_ => [90m#sync.noCopy[0m {
  }
  [33m-[0mmu      => [90m#sync.Mutex[0m {
    [33m-[0mstate => [38;5;38m1[0m[90m #int32[0m
    [33m-[0msema  => [38;5;38m0[0m[90m #uint32[0m
  }
}
2026/02/13 19:55:01 tmplLogic.go:136: [33mWARN[0m Cloner logic executed for TemplateStore Name: matttownsend_0005
2026/02/13 19:55:01 tmplLogic.go:146: [33mWARN[0m Cloner created clone for TemplateStore Name: matttownsend_0005 with new Name: matttownsend_0005_clone ([90m<#dump // dao/test/tmplLogic/tmplLogic.go:146[0m
[90m#*templateStoreV6.TemplateStoreV6[0m {
  [33m+[0mID                 => [38;5;38m0[0m[90m #int[0m
  [33m+[0mKey                => [33m"[0m[1;38;5;113m[0m[33m"[0m[90m #string[0m
  [33m+[0mRaw                => [33m"[0m[1;38;5;113m[0m[33m"[0m[90m #string[0m
  [33m+[0mAudit              => [90m#audit.Audit[0m {
    [33m+[0mCreatedAt        => [1;38;5;113m0001-01-01 00:00:00 +0000 UTC[0m[90m #time.Time[0m
    [33m+[0mCreatedBy        => [33m"[0m[1;38;5;113m[0m[33m"[0m[90m #string[0m
    [33m+[0mCreatedOn        => [33m"[0m[1;38;5;113m[0m[33m"[0m[90m #string[0m
    [33m+[0mCreatedAtDisplay => [33m"[0m[1;38;5;113m[0m[33m"[0m[90m #string[0m
    [33m+[0mUpdates          => [1;38;5;113m[]audit.AuditUpdateInfo[0m[90m(nil)[0m
    [33m+[0mDeletedAt        => [1;38;5;113m0001-01-01 00:00:00 +0000 UTC[0m[90m #time.Time[0m
    [33m+[0mDeletedBy        => [33m"[0m[1;38;5;113m[0m[33m"[0m[90m #string[0m
    [33m+[0mDeletedOn        => [33m"[0m[1;38;5;113m[0m[33m"[0m[90m #string[0m
    [33m+[0mDeletedAtDisplay => [33m"[0m[1;38;5;113m[0m[33m"[0m[90m #string[0m
    [33m+[0mAuditSequence    => [90m#entities.Int[0m {
      [33m+[0mValue          => [33m"[0m[1;38;5;113m[0m[33m"[0m[90m #string[0m
    }
    [33m+[0mDBVersion => [90m#entities.Int[0m {
      [33m+[0mValue   => [33m"[0m[1;38;5;113m[0m[33m"[0m[90m #string[0m
    }
  }
  [33m+[0mLock => [90m#sync.Mutex[0m {
    [33m-[0m_  => [90m#sync.noCopy[0m {
    }
    [33m-[0mmu      => [90m#sync.Mutex[0m {
      [33m-[0mstate => [38;5;38m0[0m[90m #int32[0m
      [33m-[0msema  => [38;5;38m0[0m[90m #uint32[0m
    }
  }
  [33m+[0mName                  => [33m"[0m[1;38;5;113mmatttownsend_0005_clone[0m[33m"[0m[90m #string[0m
  [33m+[0mProfile               => [33m"[0m[1;38;5;113mStandard[0m[33m"[0m[90m #string[0m
  [33m+[0mProfileKey            => [33m"[0m[1;38;5;113mstandard[0m[33m"[0m[90m #string[0m
  [33m+[0mProfileEnrichment     => [33m"[0m[1;38;5;113mStandard profile with no special requirements[0m[33m"[0m[90m #string[0m
  [33m+[0mStatusKey             => [33m"[0m[1;38;5;113m[0m[33m"[0m[90m #string[0m
  [33m+[0mStatusEnrichment      => [33m"[0m[1;38;5;113m[0m[33m"[0m[90m #string[0m
  [33m+[0mDestination           => [33m"[0m[1;38;5;113mmatttownsend_0005's Destination[0m[33m"[0m[90m #string[0m
  [33m+[0mDestinationKey        => [33m"[0m[1;38;5;113m[0m[33m"[0m[90m #string[0m
  [33m+[0mDestinationEnrichment => [33m"[0m[1;38;5;113m[0m[33m"[0m[90m #string[0m
  [33m+[0mNotes                 => [33m"[0m[1;38;5;113m[0m[33m"[0m[90m #string[0m
  [33m+[0mStartDate             => [1;38;5;113m0001-01-01 00:00:00 +0000 UTC[0m[90m #time.Time[0m
  [33m+[0mEndDate               => [1;38;5;113m0001-01-01 00:00:00 +0000 UTC[0m[90m #time.Time[0m
  [33m+[0mDisplayStartDate      => [33m"[0m[1;38;5;113m[0m[33m"[0m[90m #string[0m
  [33m+[0mDisplayEndDate        => [33m"[0m[1;38;5;113m[0m[33m"[0m[90m #string[0m
  [33m+[0mDurationInDays        => [90m#entities.Int[0m {
    [33m+[0mValue               => [33m"[0m[1;38;5;113m[0m[33m"[0m[90m #string[0m
  }
  [33m+[0mMinimumNumberOfItems => [90m#entities.Int[0m {
    [33m+[0mValue              => [33m"[0m[1;38;5;113m[0m[33m"[0m[90m #string[0m
  }
  [33m+[0mCountdown => [90m#entities.Int[0m {
    [33m+[0mValue   => [33m"[0m[1;38;5;113m[0m[33m"[0m[90m #string[0m
  }
  [33m+[0mTotalItems => [90m#entities.Int[0m {
    [33m+[0mValue    => [33m"[0m[1;38;5;113m[0m[33m"[0m[90m #string[0m
  }
  [33m+[0mTotalItemsPacked => [90m#entities.Int[0m {
    [33m+[0mValue          => [33m"[0m[1;38;5;113m[0m[33m"[0m[90m #string[0m
  }
  [33m+[0mYear           => [33m"[0m[1;38;5;113m[0m[33m"[0m[90m #string[0m
  [33m+[0mDisplayID      => [33m"[0m[1;38;5;113m[0m[33m"[0m[90m #string[0m
  [33m+[0mSequenceNumber => [90m#entities.Int[0m {
    [33m+[0mValue        => [33m"[0m[1;38;5;113m[0m[33m"[0m[90m #string[0m
  }
  [33m+[0mPackingProgress => [90m#entities.Int[0m {
    [33m+[0mValue         => [33m"[0m[1;38;5;113m[0m[33m"[0m[90m #string[0m
  }
  [33m+[0mTripProgress => [90m#entities.Int[0m {
    [33m+[0mValue      => [33m"[0m[1;38;5;113m[0m[33m"[0m[90m #string[0m
  }
  [33m+[0mCompleted => [90m#entities.Bool[0m {
    [33m+[0mValue   => [33m"[0m[1;38;5;113m[0m[33m"[0m[90m #string[0m
  }
  [33m+[0mStartNotified => [90m#entities.Bool[0m {
    [33m+[0mValue       => [33m"[0m[1;38;5;113m[0m[33m"[0m[90m #string[0m
  }
  [33m+[0mEndWarned => [90m#entities.Bool[0m {
    [33m+[0mValue   => [33m"[0m[1;38;5;113m[0m[33m"[0m[90m #string[0m
  }
  [33m+[0mEndNotified => [90m#entities.Bool[0m {
    [33m+[0mValue     => [33m"[0m[1;38;5;113m[0m[33m"[0m[90m #string[0m
  }
  [33m+[0mLastHost => [33m"[0m[1;38;5;113m[0m[33m"[0m[90m #string[0m
  [33m+[0mPostTest => [90m#[]string[0m [
    [38;5;38m0[0m => [33m"[0m[1;38;5;113mCREATE@2026-02-13 19:55:01[0m[33m"[0m[90m #string[0m
    [38;5;38m1[0m => [33m"[0m[1;38;5;113mPOSTCREATE@2026-02-13 19:55:01[0m[33m"[0m[90m #string[0m
    [38;5;38m2[0m => [33m"[0m[1;38;5;113mCLONED@2026-02-13 19:55:01[0m[33m"[0m[90m #string[0m
  ]
}
)
2026/02/13 19:55:01 tmplLogic.go:38: [33mWARN[0m Performing duplicate check for TemplateStoreV6 record 7838505864677354e5c9ba0a1ee3e606c7a54d765b1a06de254de0ae170742f7
2026/02/13 19:55:01 tmplLogic.go:48: [33mWARN[0m Duplicate check failed for TemplateStoreV6 record: TemplateStoreV6 not found where (Name=matttownsend_0001) - NO RECORD EXISTS, DONT SKIP CREATE
2026/02/13 19:55:01 tmplLogic.go:93: [33mWARN[0m PostCreate logic executed for TemplateStore Key: 7838505864677354e5c9ba0a1ee3e606c7a54d765b1a06de254de0ae170742f7 [90m<#dump // dao/test/tmplLogic/tmplLogic.go:93[0m
[1;38;5;113mcontext.Background.WithValue(contextHandler.contextKey, *pond.pool).WithValue(contextHandler.contextKey, UserKey123).WithValue(contextHandler.contextKey, UserCode123)[0m[90m #*context.valueCtx[0m
 [CREATE@2026-02-13 19:55:01] Locks: [90m<#dump // dao/test/tmplLogic/tmplLogic.go:93[0m
[90m#sync.Mutex[0m {
  [33m-[0m_ => [90m#sync.noCopy[0m {
  }
  [33m-[0mmu      => [90m#sync.Mutex[0m {
    [33m-[0mstate => [38;5;38m1[0m[90m #int32[0m
    [33m-[0msema  => [38;5;38m0[0m[90m #uint32[0m
  }
}
2026/02/13 19:55:02 tmplLogic.go:38: [33mWARN[0m Performing duplicate check for TemplateStoreV6 record 464dfb7794e6567f91214b627931ff25be99fa560df2d928abb0444cb9acaa56
2026/02/13 19:55:02 tmplLogic.go:48: [33mWARN[0m Duplicate check failed for TemplateStoreV6 record: TemplateStoreV6 not found where (Name=matttownsend_0002) - NO RECORD EXISTS, DONT SKIP CREATE
2026/02/13 19:55:02 tmplLogic.go:93: [33mWARN[0m PostCreate logic executed for TemplateStore Key: 464dfb7794e6567f91214b627931ff25be99fa560df2d928abb0444cb9acaa56 [90m<#dump // dao/test/tmplLogic/tmplLogic.go:93[0m
[1;38;5;113mcontext.Background.WithValue(contextHandler.contextKey, *pond.pool).WithValue(contextHandler.contextKey, UserKey123).WithValue(contextHandler.contextKey, UserCode123)[0m[90m #*context.valueCtx[0m
 [CREATE@2026-02-13 19:55:02] Locks: [90m<#dump // dao/test/tmplLogic/tmplLogic.go:93[0m
[90m#sync.Mutex[0m {
  [33m-[0m_ => [90m#sync.noCopy[0m {
  }
  [33m-[0mmu      => [90m#sync.Mutex[0m {
    [33m-[0mstate => [38;5;38m1[0m[90m #int32[0m
    [33m-[0msema  => [38;5;38m0[0m[90m #uint32[0m
  }
}
2026/02/13 19:55:02 tmplLogic.go:38: [33mWARN[0m Performing duplicate check for TemplateStoreV6 record 85af2689ae8590f7534005bec2e4e74c78e615f8e741cb24cde2e4ed66458427
2026/02/13 19:55:02 tmplLogic.go:48: [33mWARN[0m Duplicate check failed for TemplateStoreV6 record: TemplateStoreV6 not found where (Name=matttownsend_0003) - NO RECORD EXISTS, DONT SKIP CREATE
2026/02/13 19:55:02 tmplLogic.go:93: [33mWARN[0m PostCreate logic executed for TemplateStore Key: 85af2689ae8590f7534005bec2e4e74c78e615f8e741cb24cde2e4ed66458427 [90m<#dump // dao/test/tmplLogic/tmplLogic.go:93[0m
[1;38;5;113mcontext.Background.WithValue(contextHandler.contextKey, *pond.pool).WithValue(contextHandler.contextKey, UserKey123).WithValue(contextHandler.contextKey, UserCode123)[0m[90m #*context.valueCtx[0m
 [CREATE@2026-02-13 19:55:02] Locks: [90m<#dump // dao/test/tmplLogic/tmplLogic.go:93[0m
[90m#sync.Mutex[0m {
  [33m-[0m_ => [90m#sync.noCopy[0m {
  }
  [33m-[0mmu      => [90m#sync.Mutex[0m {
    [33m-[0mstate => [38;5;38m1[0m[90m #int32[0m
    [33m-[0msema  => [38;5;38m0[0m[90m #uint32[0m
  }
}
2026/02/13 19:55:02 tmplLogic.go:38: [33mWARN[0m Performing duplicate check for TemplateStoreV6 record 56de19d8468fcbfd4dfdddf2cf0a40aface1a5863df188cbb60c016b25cc580f
2026/02/13 19:55:02 tmplLogic.go:48: [33mWARN[0m Duplicate check failed for TemplateStoreV6 record: TemplateStoreV6 not found where (Name=matttownsend_0004) - NO RECORD EXISTS, DONT SKIP CREATE
2026/02/13 19:55:02 tmplLogic.go:93: [33mWARN[0m PostCreate logic executed for TemplateStore Key: 56de19d8468fcbfd4dfdddf2cf0a40aface1a5863df188cbb60c016b25cc580f [90m<#dump // dao/test/tmplLogic/tmplLogic.go:93[0m
[1;38;5;113mcontext.Background.WithValue(contextHandler.contextKey, *pond.pool).WithValue(contextHandler.contextKey, UserKey123).WithValue(contextHandler.contextKey, UserCode123)[0m[90m #*context.valueCtx[0m
 [CREATE@2026-02-13 19:55:02] Locks: [90m<#dump // dao/test/tmplLogic/tmplLogic.go:93[0m
[90m#sync.Mutex[0m {
  [33m-[0m_ => [90m#sync.noCopy[0m {
  }
  [33m-[0mmu      => [90m#sync.Mutex[0m {
    [33m-[0mstate => [38;5;38m1[0m[90m #int32[0m
    [33m-[0msema  => [38;5;38m0[0m[90m #uint32[0m
  }
}
2026/02/13 19:55:02 tmplLogic.go:38: [33mWARN[0m Performing duplicate check for TemplateStoreV6 record b63414794993961d1ea84619ded8943535efb43e3c85feecb7ff8fd539870ede
2026/02/13 19:55:02 tmplLogic.go:48: [33mWARN[0m Duplicate check failed for TemplateStoreV6 record: TemplateStoreV6 not found where (Name=matttownsend_0005) - NO RECORD EXISTS, DONT SKIP CREATE
2026/02/13 19:55:02 tmplLogic.go:93: [33mWARN[0m PostCreate logic executed for TemplateStore Key: b63414794993961d1ea84619ded8943535efb43e3c85feecb7ff8fd539870ede [90m<#dump // dao/test/tmplLogic/tmplLogic.go:93[0m
[1;38;5;113mcontext.Background.WithValue(contextHandler.contextKey, *pond.pool).WithValue(contextHandler.contextKey, UserKey123).WithValue(contextHandler.contextKey, UserCode123)[0m[90m #*context.valueCtx[0m
 [CREATE@2026-02-13 19:55:02] Locks: [90m<#dump // dao/test/tmplLogic/tmplLogic.go:93[0m
[90m#sync.Mutex[0m {
  [33m-[0m_ => [90m#sync.noCopy[0m {
  }
  [33m-[0mmu      => [90m#sync.Mutex[0m {
    [33m-[0mstate => [38;5;38m1[0m[90m #int32[0m
    [33m-[0msema  => [38;5;38m0[0m[90m #uint32[0m
  }
}
