2026/02/02 14:25:07 logHandler.go:202: [32m[INFO][0m *------------------------------------------------------------------------*
2026/02/02 14:25:07 logHandler.go:203: [32m[INFO][0m [INFO] Activity=[START] - Starting DAO Test Application - Phase 1
2026/02/02 14:25:07 logHandler.go:204: [32m[INFO][0m *------------------------------------------------------------------------*
2026/02/02 14:25:07 main.go:86: [32m[INFO][0m Initialize User Store
2026/02/02 14:25:07 main.go:96: [32m[INFO][0m Clear Down User Store
2026/02/02 14:25:07 main.go:146: [32m[INFO][0m Phase 1 Creating 1 Baseline Users
2026/02/02 14:25:07 main.go:153: [32m[INFO][0m Phase 1 Adding 1 Baseline Users to Store
2026/02/02 14:25:07 main.go:156: [32m[INFO][0m Phase 1 Creating Baseline User 1
2026/02/02 14:25:07 tmplLogicMain.go:52: [32m[INFO][0m Adding new user to TemplateStoreV3: SQ=0000
2026/02/02 14:25:07 tmplLogicMain.go:77: [32m[INFO][0m New user added to TemplateStoreV3: UserName=matttownsend, UID=5010000
2026/02/02 14:25:07 main.go:161: [32m[INFO][0m Phase 1 Created Baseline User 1
2026/02/02 14:25:07 main.go:167: [32m[INFO][0m Phase 1 Baseline 1 Users Added to Store 1
2026/02/02 14:25:07 main.go:176: [32m[INFO][0m Phase 1 Setup Templates Loaded: 1
2026/02/02 14:25:07 main.go:192: [32m[INFO][0m Phase 1 Evaluating User: (0/1) Matt Townsend 42973b916e7ae997346a3f9b2dee8425d61b6ccebfb5850b5b1c0279400123cf
2026/02/02 14:25:07 main.go:198: [32m[INFO][0m PostTest: [CREATE@02/02/26]
2026/02/02 14:25:07 main.go:203: [32m[INFO][0m Phase 1 Selected User Key: 42973b916e7ae997346a3f9b2dee8425d61b6ccebfb5850b5b1c0279400123cf
2026/02/02 14:25:07 main.go:210: [32m[INFO][0m Phase 1 Retrieved User by Key 42973b916e7ae997346a3f9b2dee8425d61b6ccebfb5850b5b1c0279400123cf: Matt Townsend
2026/02/02 14:25:07 tmplLogic.go:102: [32m[INFO][0m PostUpdate logic executed for TemplateStore Key: 42973b916e7ae997346a3f9b2dee8425d61b6ccebfb5850b5b1c0279400123cf
2026/02/02 14:25:07 tmplLogic.go:105: [32m[INFO][0m PostTest before update: [CREATE@02/02/26]
2026/02/02 14:25:07 tmplLogic.go:107: [32m[INFO][0m PostTest after update: [CREATE@02/02/26 UPDATE@02/02/26]
2026/02/02 14:25:07 main.go:216: [32m[INFO][0m Phase 1 Updated User 42973b916e7ae997346a3f9b2dee8425d61b6ccebfb5850b5b1c0279400123cf LastHost to orion-142507
2026/02/02 14:25:07 main.go:225: [32m[INFO][0m Phase 1 Exporting All Users as CSV
2026/02/02 14:25:07 main.go:230: [32m[INFO][0m Phase 1 Exporting All Users as JSON
2026/02/02 14:25:07 main.go:232: [32m[INFO][0m Phase 1 Exporting All Users to Defaults
2026/02/02 14:25:07 main.go:238: [32m[INFO][0m Phase 1 Importing All Users from Defaults
2026/02/02 14:25:07 main.go:243: [32m[INFO][0m Phase 1 Completed Imports from Defaults
2026/02/02 14:25:07 main.go:250: [32m[INFO][0m Phase 1 Total Users after Import: 2
2026/02/02 14:25:07 main.go:385: [32m[INFO][0m Phase 1 Completed
2026/02/02 14:25:07 main.go:105: [32m[INFO][0m Phase 2 Test Message: 42973b916e7ae997346a3f9b2dee8425d61b6ccebfb5850b5b1c0279400123cf
2026/02/02 14:25:07 main.go:146: [32m[INFO][0m Phase 2 Creating 2 Baseline Users
2026/02/02 14:25:07 main.go:153: [32m[INFO][0m Phase 2 Adding 2 Baseline Users to Store
2026/02/02 14:25:07 main.go:156: [32m[INFO][0m Phase 2 Creating Baseline User 1
2026/02/02 14:25:07 tmplLogic.go:102: [32m[INFO][0m PostUpdate logic executed for TemplateStore Key: 42973b916e7ae997346a3f9b2dee8425d61b6ccebfb5850b5b1c0279400123cf
2026/02/02 14:25:07 tmplLogic.go:105: [32m[INFO][0m PostTest before update: [CREATE@02/02/26 UPDATE@02/02/26]
2026/02/02 14:25:07 tmplLogic.go:107: [32m[INFO][0m PostTest after update: [CREATE@02/02/26 UPDATE@02/02/26 UPDATE@02/02/26]
2026/02/02 14:25:07 main.go:161: [32m[INFO][0m Phase 2 Created Baseline User 1
2026/02/02 14:25:07 main.go:156: [32m[INFO][0m Phase 2 Creating Baseline User 2
2026/02/02 14:25:07 tmplLogicMain.go:52: [32m[INFO][0m Adding new user to TemplateStoreV3: SQ=0001
2026/02/02 14:25:07 tmplLogicMain.go:77: [32m[INFO][0m New user added to TemplateStoreV3: UserName=matttownsend, UID=5010001
2026/02/02 14:25:07 main.go:161: [32m[INFO][0m Phase 2 Created Baseline User 2
2026/02/02 14:25:07 main.go:167: [32m[INFO][0m Phase 2 Baseline 2 Users Added to Store 2
2026/02/02 14:25:07 main.go:176: [32m[INFO][0m Phase 2 Setup Templates Loaded: 3
2026/02/02 14:25:07 main.go:192: [32m[INFO][0m Phase 2 Evaluating User: (0/2) Matt Townsend 42973b916e7ae997346a3f9b2dee8425d61b6ccebfb5850b5b1c0279400123cf
2026/02/02 14:25:07 main.go:198: [32m[INFO][0m PostTest: [CREATE@02/02/26 UPDATE@02/02/26 UPDATE@02/02/26]
2026/02/02 14:25:07 main.go:192: [32m[INFO][0m Phase 2 Evaluating User: (1/2) Matt Townsend c1210e994c38d8c9d544f14dfb7905b470e33c283d4d0008d7aaf0f7c2a91d49
2026/02/02 14:25:07 main.go:198: [32m[INFO][0m PostTest: [CREATE@02/02/26]
2026/02/02 14:25:07 main.go:203: [32m[INFO][0m Phase 2 Selected User Key: 42973b916e7ae997346a3f9b2dee8425d61b6ccebfb5850b5b1c0279400123cf
2026/02/02 14:25:07 main.go:210: [32m[INFO][0m Phase 2 Retrieved User by Key 42973b916e7ae997346a3f9b2dee8425d61b6ccebfb5850b5b1c0279400123cf: Matt Townsend
2026/02/02 14:25:08 tmplLogic.go:102: [32m[INFO][0m PostUpdate logic executed for TemplateStore Key: 42973b916e7ae997346a3f9b2dee8425d61b6ccebfb5850b5b1c0279400123cf
2026/02/02 14:25:08 tmplLogic.go:105: [32m[INFO][0m PostTest before update: [CREATE@02/02/26 UPDATE@02/02/26 UPDATE@02/02/26]
2026/02/02 14:25:08 tmplLogic.go:107: [32m[INFO][0m PostTest after update: [CREATE@02/02/26 UPDATE@02/02/26 UPDATE@02/02/26 UPDATE@02/02/26]
2026/02/02 14:25:08 main.go:216: [32m[INFO][0m Phase 2 Updated User 42973b916e7ae997346a3f9b2dee8425d61b6ccebfb5850b5b1c0279400123cf LastHost to orion-142507
2026/02/02 14:25:08 main.go:225: [32m[INFO][0m Phase 2 Exporting All Users as CSV
2026/02/02 14:25:08 main.go:230: [32m[INFO][0m Phase 2 Exporting All Users as JSON
2026/02/02 14:25:08 main.go:232: [32m[INFO][0m Phase 2 Exporting All Users to Defaults
2026/02/02 14:25:08 main.go:238: [32m[INFO][0m Phase 2 Importing All Users from Defaults
2026/02/02 14:25:08 main.go:243: [32m[INFO][0m Phase 2 Completed Imports from Defaults
2026/02/02 14:25:08 main.go:250: [32m[INFO][0m Phase 2 Total Users after Import: 6
2026/02/02 14:25:08 main.go:385: [32m[INFO][0m Phase 2 Completed
2026/02/02 14:25:08 main.go:105: [32m[INFO][0m Phase 2 Test Message: 42973b916e7ae997346a3f9b2dee8425d61b6ccebfb5850b5b1c0279400123cf
2026/02/02 14:25:08 main.go:146: [32m[INFO][0m Phase 3 Creating 3 Baseline Users
2026/02/02 14:25:08 main.go:153: [32m[INFO][0m Phase 3 Adding 3 Baseline Users to Store
2026/02/02 14:25:08 main.go:156: [32m[INFO][0m Phase 3 Creating Baseline User 1
2026/02/02 14:25:08 tmplLogic.go:102: [32m[INFO][0m PostUpdate logic executed for TemplateStore Key: 42973b916e7ae997346a3f9b2dee8425d61b6ccebfb5850b5b1c0279400123cf
2026/02/02 14:25:08 tmplLogic.go:105: [32m[INFO][0m PostTest before update: [CREATE@02/02/26 UPDATE@02/02/26 UPDATE@02/02/26 UPDATE@02/02/26]
2026/02/02 14:25:08 tmplLogic.go:107: [32m[INFO][0m PostTest after update: [CREATE@02/02/26 UPDATE@02/02/26 UPDATE@02/02/26 UPDATE@02/02/26 UPDATE@02/02/26]
2026/02/02 14:25:08 main.go:161: [32m[INFO][0m Phase 3 Created Baseline User 1
2026/02/02 14:25:08 main.go:156: [32m[INFO][0m Phase 3 Creating Baseline User 2
2026/02/02 14:25:08 tmplLogic.go:102: [32m[INFO][0m PostUpdate logic executed for TemplateStore Key: c1210e994c38d8c9d544f14dfb7905b470e33c283d4d0008d7aaf0f7c2a91d49
2026/02/02 14:25:08 tmplLogic.go:105: [32m[INFO][0m PostTest before update: [CREATE@02/02/26]
2026/02/02 14:25:08 tmplLogic.go:107: [32m[INFO][0m PostTest after update: [CREATE@02/02/26 UPDATE@02/02/26]
2026/02/02 14:25:08 main.go:161: [32m[INFO][0m Phase 3 Created Baseline User 2
2026/02/02 14:25:08 main.go:156: [32m[INFO][0m Phase 3 Creating Baseline User 3
2026/02/02 14:25:08 tmplLogicMain.go:52: [32m[INFO][0m Adding new user to TemplateStoreV3: SQ=0002
2026/02/02 14:25:08 tmplLogicMain.go:77: [32m[INFO][0m New user added to TemplateStoreV3: UserName=matttownsend, UID=5010002
2026/02/02 14:25:08 main.go:161: [32m[INFO][0m Phase 3 Created Baseline User 3
2026/02/02 14:25:08 main.go:167: [32m[INFO][0m Phase 3 Baseline 3 Users Added to Store 3
2026/02/02 14:25:08 main.go:176: [32m[INFO][0m Phase 3 Setup Templates Loaded: 7
2026/02/02 14:25:08 main.go:192: [32m[INFO][0m Phase 3 Evaluating User: (0/3) Matt Townsend 42973b916e7ae997346a3f9b2dee8425d61b6ccebfb5850b5b1c0279400123cf
2026/02/02 14:25:08 main.go:198: [32m[INFO][0m PostTest: [CREATE@02/02/26 UPDATE@02/02/26 UPDATE@02/02/26 UPDATE@02/02/26 UPDATE@02/02/26]
2026/02/02 14:25:08 main.go:192: [32m[INFO][0m Phase 3 Evaluating User: (1/3) Matt Townsend c1210e994c38d8c9d544f14dfb7905b470e33c283d4d0008d7aaf0f7c2a91d49
2026/02/02 14:25:08 main.go:194: [32m[INFO][0m Phase 3 User: (1/3) Matt Townsend c1210e994c38d8c9d544f14dfb7905b470e33c283d4d0008d7aaf0f7c2a91d49
2026/02/02 14:25:08 main.go:203: [32m[INFO][0m Phase 3 Selected User Key: c1210e994c38d8c9d544f14dfb7905b470e33c283d4d0008d7aaf0f7c2a91d49
2026/02/02 14:25:08 main.go:210: [32m[INFO][0m Phase 3 Retrieved User by Key c1210e994c38d8c9d544f14dfb7905b470e33c283d4d0008d7aaf0f7c2a91d49: Matt Townsend
2026/02/02 14:25:08 tmplLogic.go:102: [32m[INFO][0m PostUpdate logic executed for TemplateStore Key: c1210e994c38d8c9d544f14dfb7905b470e33c283d4d0008d7aaf0f7c2a91d49
2026/02/02 14:25:08 tmplLogic.go:105: [32m[INFO][0m PostTest before update: [CREATE@02/02/26 UPDATE@02/02/26]
2026/02/02 14:25:08 tmplLogic.go:107: [32m[INFO][0m PostTest after update: [CREATE@02/02/26 UPDATE@02/02/26 UPDATE@02/02/26]
2026/02/02 14:25:08 main.go:216: [32m[INFO][0m Phase 3 Updated User c1210e994c38d8c9d544f14dfb7905b470e33c283d4d0008d7aaf0f7c2a91d49 LastHost to orion-142508
2026/02/02 14:25:08 main.go:225: [32m[INFO][0m Phase 3 Exporting All Users as CSV
2026/02/02 14:25:08 main.go:230: [32m[INFO][0m Phase 3 Exporting All Users as JSON
2026/02/02 14:25:08 main.go:232: [32m[INFO][0m Phase 3 Exporting All Users to Defaults
2026/02/02 14:25:08 main.go:238: [32m[INFO][0m Phase 3 Importing All Users from Defaults
2026/02/02 14:25:09 main.go:243: [32m[INFO][0m Phase 3 Completed Imports from Defaults
2026/02/02 14:25:09 main.go:250: [32m[INFO][0m Phase 3 Total Users after Import: 14
2026/02/02 14:25:09 main.go:385: [32m[INFO][0m Phase 3 Completed
2026/02/02 14:25:09 main.go:105: [32m[INFO][0m Phase 2 Test Message: c1210e994c38d8c9d544f14dfb7905b470e33c283d4d0008d7aaf0f7c2a91d49
2026/02/02 14:25:09 main.go:146: [32m[INFO][0m Phase 4 Creating 4 Baseline Users
2026/02/02 14:25:09 main.go:153: [32m[INFO][0m Phase 4 Adding 4 Baseline Users to Store
2026/02/02 14:25:09 main.go:156: [32m[INFO][0m Phase 4 Creating Baseline User 1
2026/02/02 14:25:09 tmplLogic.go:102: [32m[INFO][0m PostUpdate logic executed for TemplateStore Key: 42973b916e7ae997346a3f9b2dee8425d61b6ccebfb5850b5b1c0279400123cf
2026/02/02 14:25:09 tmplLogic.go:105: [32m[INFO][0m PostTest before update: [CREATE@02/02/26 UPDATE@02/02/26 UPDATE@02/02/26 UPDATE@02/02/26 UPDATE@02/02/26]
2026/02/02 14:25:09 tmplLogic.go:107: [32m[INFO][0m PostTest after update: [CREATE@02/02/26 UPDATE@02/02/26 UPDATE@02/02/26 UPDATE@02/02/26 UPDATE@02/02/26 UPDATE@02/02/26]
2026/02/02 14:25:09 main.go:161: [32m[INFO][0m Phase 4 Created Baseline User 1
2026/02/02 14:25:09 main.go:156: [32m[INFO][0m Phase 4 Creating Baseline User 2
2026/02/02 14:25:09 tmplLogic.go:102: [32m[INFO][0m PostUpdate logic executed for TemplateStore Key: c1210e994c38d8c9d544f14dfb7905b470e33c283d4d0008d7aaf0f7c2a91d49
2026/02/02 14:25:09 tmplLogic.go:105: [32m[INFO][0m PostTest before update: [CREATE@02/02/26 UPDATE@02/02/26 UPDATE@02/02/26]
2026/02/02 14:25:09 tmplLogic.go:107: [32m[INFO][0m PostTest after update: [CREATE@02/02/26 UPDATE@02/02/26 UPDATE@02/02/26 UPDATE@02/02/26]
2026/02/02 14:25:09 main.go:161: [32m[INFO][0m Phase 4 Created Baseline User 2
2026/02/02 14:25:09 main.go:156: [32m[INFO][0m Phase 4 Creating Baseline User 3
2026/02/02 14:25:09 tmplLogic.go:102: [32m[INFO][0m PostUpdate logic executed for TemplateStore Key: 23ad1e990af0e8fef632e1f7d582bad319b4b5530eb0eacce1d33f08d06ee981
2026/02/02 14:25:09 tmplLogic.go:105: [32m[INFO][0m PostTest before update: [CREATE@02/02/26]
2026/02/02 14:25:09 tmplLogic.go:107: [32m[INFO][0m PostTest after update: [CREATE@02/02/26 UPDATE@02/02/26]
2026/02/02 14:25:09 main.go:161: [32m[INFO][0m Phase 4 Created Baseline User 3
2026/02/02 14:25:09 main.go:156: [32m[INFO][0m Phase 4 Creating Baseline User 4
2026/02/02 14:25:09 tmplLogicMain.go:52: [32m[INFO][0m Adding new user to TemplateStoreV3: SQ=0003
2026/02/02 14:25:09 tmplLogicMain.go:77: [32m[INFO][0m New user added to TemplateStoreV3: UserName=matttownsend, UID=5010003
2026/02/02 14:25:09 main.go:161: [32m[INFO][0m Phase 4 Created Baseline User 4
2026/02/02 14:25:09 main.go:167: [32m[INFO][0m Phase 4 Baseline 4 Users Added to Store 4
2026/02/02 14:25:09 main.go:176: [32m[INFO][0m Phase 4 Setup Templates Loaded: 15
2026/02/02 14:25:09 main.go:192: [32m[INFO][0m Phase 4 Evaluating User: (0/4) Matt Townsend 42973b916e7ae997346a3f9b2dee8425d61b6ccebfb5850b5b1c0279400123cf
2026/02/02 14:25:09 main.go:194: [32m[INFO][0m Phase 4 User: (0/4) Matt Townsend 42973b916e7ae997346a3f9b2dee8425d61b6ccebfb5850b5b1c0279400123cf
2026/02/02 14:25:09 main.go:203: [32m[INFO][0m Phase 4 Selected User Key: 42973b916e7ae997346a3f9b2dee8425d61b6ccebfb5850b5b1c0279400123cf
2026/02/02 14:25:09 main.go:210: [32m[INFO][0m Phase 4 Retrieved User by Key 42973b916e7ae997346a3f9b2dee8425d61b6ccebfb5850b5b1c0279400123cf: Matt Townsend
2026/02/02 14:25:10 tmplLogic.go:102: [32m[INFO][0m PostUpdate logic executed for TemplateStore Key: 42973b916e7ae997346a3f9b2dee8425d61b6ccebfb5850b5b1c0279400123cf
2026/02/02 14:25:10 tmplLogic.go:105: [32m[INFO][0m PostTest before update: [CREATE@02/02/26 UPDATE@02/02/26 UPDATE@02/02/26 UPDATE@02/02/26 UPDATE@02/02/26 UPDATE@02/02/26]
2026/02/02 14:25:10 tmplLogic.go:107: [32m[INFO][0m PostTest after update: [CREATE@02/02/26 UPDATE@02/02/26 UPDATE@02/02/26 UPDATE@02/02/26 UPDATE@02/02/26 UPDATE@02/02/26 UPDATE@02/02/26]
2026/02/02 14:25:10 main.go:216: [32m[INFO][0m Phase 4 Updated User 42973b916e7ae997346a3f9b2dee8425d61b6ccebfb5850b5b1c0279400123cf LastHost to orion-142509
2026/02/02 14:25:10 main.go:225: [32m[INFO][0m Phase 4 Exporting All Users as CSV
2026/02/02 14:25:10 main.go:230: [32m[INFO][0m Phase 4 Exporting All Users as JSON
2026/02/02 14:25:10 main.go:232: [32m[INFO][0m Phase 4 Exporting All Users to Defaults
2026/02/02 14:25:10 main.go:238: [32m[INFO][0m Phase 4 Importing All Users from Defaults
2026/02/02 14:25:11 main.go:243: [32m[INFO][0m Phase 4 Completed Imports from Defaults
2026/02/02 14:25:11 main.go:250: [32m[INFO][0m Phase 4 Total Users after Import: 30
2026/02/02 14:25:11 main.go:385: [32m[INFO][0m Phase 4 Completed
2026/02/02 14:25:11 main.go:105: [32m[INFO][0m Phase 2 Test Message: 42973b916e7ae997346a3f9b2dee8425d61b6ccebfb5850b5b1c0279400123cf
2026/02/02 14:25:11 main.go:146: [32m[INFO][0m Phase 5 Creating 5 Baseline Users
2026/02/02 14:25:11 main.go:153: [32m[INFO][0m Phase 5 Adding 5 Baseline Users to Store
2026/02/02 14:25:11 main.go:156: [32m[INFO][0m Phase 5 Creating Baseline User 1
2026/02/02 14:25:11 tmplLogic.go:102: [32m[INFO][0m PostUpdate logic executed for TemplateStore Key: 42973b916e7ae997346a3f9b2dee8425d61b6ccebfb5850b5b1c0279400123cf
2026/02/02 14:25:11 tmplLogic.go:105: [32m[INFO][0m PostTest before update: [CREATE@02/02/26 UPDATE@02/02/26 UPDATE@02/02/26 UPDATE@02/02/26 UPDATE@02/02/26 UPDATE@02/02/26 UPDATE@02/02/26]
2026/02/02 14:25:11 tmplLogic.go:107: [32m[INFO][0m PostTest after update: [CREATE@02/02/26 UPDATE@02/02/26 UPDATE@02/02/26 UPDATE@02/02/26 UPDATE@02/02/26 UPDATE@02/02/26 UPDATE@02/02/26 UPDATE@02/02/26]
2026/02/02 14:25:11 main.go:161: [32m[INFO][0m Phase 5 Created Baseline User 1
2026/02/02 14:25:11 main.go:156: [32m[INFO][0m Phase 5 Creating Baseline User 2
2026/02/02 14:25:11 tmplLogic.go:102: [32m[INFO][0m PostUpdate logic executed for TemplateStore Key: c1210e994c38d8c9d544f14dfb7905b470e33c283d4d0008d7aaf0f7c2a91d49
2026/02/02 14:25:11 tmplLogic.go:105: [32m[INFO][0m PostTest before update: [CREATE@02/02/26 UPDATE@02/02/26 UPDATE@02/02/26 UPDATE@02/02/26]
2026/02/02 14:25:11 tmplLogic.go:107: [32m[INFO][0m PostTest after update: [CREATE@02/02/26 UPDATE@02/02/26 UPDATE@02/02/26 UPDATE@02/02/26 UPDATE@02/02/26]
2026/02/02 14:25:12 main.go:161: [32m[INFO][0m Phase 5 Created Baseline User 2
2026/02/02 14:25:12 main.go:156: [32m[INFO][0m Phase 5 Creating Baseline User 3
2026/02/02 14:25:12 tmplLogic.go:102: [32m[INFO][0m PostUpdate logic executed for TemplateStore Key: 23ad1e990af0e8fef632e1f7d582bad319b4b5530eb0eacce1d33f08d06ee981
2026/02/02 14:25:12 tmplLogic.go:105: [32m[INFO][0m PostTest before update: [CREATE@02/02/26 UPDATE@02/02/26]
2026/02/02 14:25:12 tmplLogic.go:107: [32m[INFO][0m PostTest after update: [CREATE@02/02/26 UPDATE@02/02/26 UPDATE@02/02/26]
2026/02/02 14:25:12 main.go:161: [32m[INFO][0m Phase 5 Created Baseline User 3
2026/02/02 14:25:12 main.go:156: [32m[INFO][0m Phase 5 Creating Baseline User 4
2026/02/02 14:25:12 tmplLogic.go:102: [32m[INFO][0m PostUpdate logic executed for TemplateStore Key: c7fbcc48928ff394f264d5fb4aaf941e4d4a06f7ecdcbf3421726e1e7acf6ceb
2026/02/02 14:25:12 tmplLogic.go:105: [32m[INFO][0m PostTest before update: [CREATE@02/02/26]
2026/02/02 14:25:12 tmplLogic.go:107: [32m[INFO][0m PostTest after update: [CREATE@02/02/26 UPDATE@02/02/26]
2026/02/02 14:25:12 main.go:161: [32m[INFO][0m Phase 5 Created Baseline User 4
2026/02/02 14:25:12 main.go:156: [32m[INFO][0m Phase 5 Creating Baseline User 5
2026/02/02 14:25:12 tmplLogicMain.go:52: [32m[INFO][0m Adding new user to TemplateStoreV3: SQ=0004
2026/02/02 14:25:12 tmplLogicMain.go:77: [32m[INFO][0m New user added to TemplateStoreV3: UserName=matttownsend, UID=5010004
2026/02/02 14:25:12 main.go:161: [32m[INFO][0m Phase 5 Created Baseline User 5
2026/02/02 14:25:12 main.go:167: [32m[INFO][0m Phase 5 Baseline 5 Users Added to Store 5
2026/02/02 14:25:12 main.go:176: [32m[INFO][0m Phase 5 Setup Templates Loaded: 31
2026/02/02 14:25:12 main.go:192: [32m[INFO][0m Phase 5 Evaluating User: (0/5) Matt Townsend 42973b916e7ae997346a3f9b2dee8425d61b6ccebfb5850b5b1c0279400123cf
2026/02/02 14:25:12 main.go:194: [32m[INFO][0m Phase 5 User: (0/5) Matt Townsend 42973b916e7ae997346a3f9b2dee8425d61b6ccebfb5850b5b1c0279400123cf
2026/02/02 14:25:12 main.go:203: [32m[INFO][0m Phase 5 Selected User Key: 42973b916e7ae997346a3f9b2dee8425d61b6ccebfb5850b5b1c0279400123cf
2026/02/02 14:25:12 main.go:210: [32m[INFO][0m Phase 5 Retrieved User by Key 42973b916e7ae997346a3f9b2dee8425d61b6ccebfb5850b5b1c0279400123cf: Matt Townsend
2026/02/02 14:25:12 tmplLogic.go:102: [32m[INFO][0m PostUpdate logic executed for TemplateStore Key: 42973b916e7ae997346a3f9b2dee8425d61b6ccebfb5850b5b1c0279400123cf
2026/02/02 14:25:12 tmplLogic.go:105: [32m[INFO][0m PostTest before update: [CREATE@02/02/26 UPDATE@02/02/26 UPDATE@02/02/26 UPDATE@02/02/26 UPDATE@02/02/26 UPDATE@02/02/26 UPDATE@02/02/26 UPDATE@02/02/26]
2026/02/02 14:25:12 tmplLogic.go:107: [32m[INFO][0m PostTest after update: [CREATE@02/02/26 UPDATE@02/02/26 UPDATE@02/02/26 UPDATE@02/02/26 UPDATE@02/02/26 UPDATE@02/02/26 UPDATE@02/02/26 UPDATE@02/02/26 UPDATE@02/02/26]
2026/02/02 14:25:12 main.go:216: [32m[INFO][0m Phase 5 Updated User 42973b916e7ae997346a3f9b2dee8425d61b6ccebfb5850b5b1c0279400123cf LastHost to orion-142512
2026/02/02 14:25:12 main.go:225: [32m[INFO][0m Phase 5 Exporting All Users as CSV
2026/02/02 14:25:12 main.go:230: [32m[INFO][0m Phase 5 Exporting All Users as JSON
2026/02/02 14:25:12 main.go:232: [32m[INFO][0m Phase 5 Exporting All Users to Defaults
2026/02/02 14:25:12 main.go:238: [32m[INFO][0m Phase 5 Importing All Users from Defaults
2026/02/02 14:25:17 main.go:243: [32m[INFO][0m Phase 5 Completed Imports from Defaults
2026/02/02 14:25:17 main.go:250: [32m[INFO][0m Phase 5 Total Users after Import: 62
2026/02/02 14:25:17 main.go:385: [32m[INFO][0m Phase 5 Completed
2026/02/02 14:25:17 main.go:105: [32m[INFO][0m Phase 2 Test Message: 42973b916e7ae997346a3f9b2dee8425d61b6ccebfb5850b5b1c0279400123cf
2026/02/02 14:25:17 main.go:137: [32m[INFO][0m Total Test Duration: 9.667968542s
2026/02/02 14:25:17 logHandler.go:202: [32m[INFO][0m *------------------------------------------------------------------------*
2026/02/02 14:25:17 logHandler.go:203: [32m[INFO][0m [INFO] Activity=[STOP] - Stopping DAO Test Application - Phase 1
2026/02/02 14:25:17 logHandler.go:204: [32m[INFO][0m *------------------------------------------------------------------------*
