2026/02/10 08:45:10 templateStoreV3Internals.go:57: [34mLOC[0m [TemplateStoreV3,] Deferring Create lock for new record until after creation
2026/02/10 08:45:10 templateStoreV3Helpers.go:240: [34mLOC[0m [TemplateStoreV3,39THOoB8UJ1yj287xHTJBckI09V] Locked - POSTCREATE
2026/02/10 08:45:10 templateStoreV3Internals.go:57: [34mLOC[0m [TemplateStoreV3,39THOoB8UJ1yj287xHTJBckI09V] Deferring Update lock for new record until after creation
2026/02/10 08:45:10 templateStoreV3Helpers.go:251: [34mLOC[0m [TemplateStoreV3,39THOoB8UJ1yj287xHTJBckI09V] Unlocked - POSTCREATE
2026/02/10 08:45:10 templateStoreV3Internals.go:52: [34mLOC[0m [TemplateStoreV3,39THOoB8UJ1yj287xHTJBckI09V] Locking for Update
2026/02/10 08:45:10 templateStoreV3Internals.go:151: [34mLOC[0m [TemplateStoreV3,39THOoB8UJ1yj287xHTJBckI09V] Unlocked record after post-processing: Update
2026/02/10 08:45:10 templateStoreV3Helpers.go:279: [34mLOC[0m [TemplateStoreV3,39THOoB8UJ1yj287xHTJBckI09V] Locked - POSTUPDATE
2026/02/10 08:45:10 templateStoreV3Internals.go:57: [34mLOC[0m [TemplateStoreV3,39THOoB8UJ1yj287xHTJBckI09V] Deferring Update lock for new record until after creation
2026/02/10 08:45:10 templateStoreV3Helpers.go:290: [34mLOC[0m [TemplateStoreV3,39THOoB8UJ1yj287xHTJBckI09V] Unlocked - POSTUPDATE
2026/02/10 08:45:10 templateStoreV3Internals.go:57: [34mLOC[0m [TemplateStoreV3,39THOoB8UJ1yj287xHTJBckI09V] Deferring Import lock for new record until after creation
2026/02/10 08:45:10 templateStoreV3Helpers.go:240: [34mLOC[0m [TemplateStoreV3,39THOlYItt1i6rPjYHjZMAOqVW2] Locked - POSTCREATE
2026/02/10 08:45:10 templateStoreV3Internals.go:57: [34mLOC[0m [TemplateStoreV3,39THOlYItt1i6rPjYHjZMAOqVW2] Deferring Update lock for new record until after creation
2026/02/10 08:45:10 templateStoreV3Helpers.go:251: [34mLOC[0m [TemplateStoreV3,39THOlYItt1i6rPjYHjZMAOqVW2] Unlocked - POSTCREATE
2026/02/10 08:45:10 templateStoreV3Internals.go:52: [34mLOC[0m [TemplateStoreV3,39THOlYItt1i6rPjYHjZMAOqVW2] Locking for Update
2026/02/10 08:45:11 templateStoreV3Internals.go:151: [34mLOC[0m [TemplateStoreV3,39THOlYItt1i6rPjYHjZMAOqVW2] Unlocked record after post-processing: Update
2026/02/10 08:45:11 templateStoreV3Helpers.go:279: [34mLOC[0m [TemplateStoreV3,39THOlYItt1i6rPjYHjZMAOqVW2] Locked - POSTUPDATE
2026/02/10 08:45:11 templateStoreV3Internals.go:57: [34mLOC[0m [TemplateStoreV3,39THOlYItt1i6rPjYHjZMAOqVW2] Deferring Update lock for new record until after creation
2026/02/10 08:45:11 templateStoreV3Helpers.go:290: [34mLOC[0m [TemplateStoreV3,39THOlYItt1i6rPjYHjZMAOqVW2] Unlocked - POSTUPDATE
2026/02/10 08:45:11 templateStoreV3Internals.go:57: [34mLOC[0m [TemplateStoreV3,] Deferring Create lock for new record until after creation
2026/02/10 08:45:11 templateStoreV3Helpers.go:240: [34mLOC[0m [TemplateStoreV3,39THOy2iYwXTX1mljpvGayjpZ3t] Locked - POSTCREATE
2026/02/10 08:45:11 templateStoreV3Internals.go:57: [34mLOC[0m [TemplateStoreV3,39THOy2iYwXTX1mljpvGayjpZ3t] Deferring Update lock for new record until after creation
2026/02/10 08:45:11 templateStoreV3Helpers.go:251: [34mLOC[0m [TemplateStoreV3,39THOy2iYwXTX1mljpvGayjpZ3t] Unlocked - POSTCREATE
2026/02/10 08:45:11 templateStoreV3Internals.go:52: [34mLOC[0m [TemplateStoreV3,39THOy2iYwXTX1mljpvGayjpZ3t] Locking for Update
2026/02/10 08:45:11 templateStoreV3Internals.go:151: [34mLOC[0m [TemplateStoreV3,39THOy2iYwXTX1mljpvGayjpZ3t] Unlocked record after post-processing: Update
2026/02/10 08:45:11 templateStoreV3Helpers.go:279: [34mLOC[0m [TemplateStoreV3,39THOy2iYwXTX1mljpvGayjpZ3t] Locked - POSTUPDATE
2026/02/10 08:45:11 templateStoreV3Internals.go:57: [34mLOC[0m [TemplateStoreV3,39THOy2iYwXTX1mljpvGayjpZ3t] Deferring Update lock for new record until after creation
2026/02/10 08:45:11 templateStoreV3Helpers.go:290: [34mLOC[0m [TemplateStoreV3,39THOy2iYwXTX1mljpvGayjpZ3t] Unlocked - POSTUPDATE
2026/02/10 08:45:11 templateStoreV3Internals.go:57: [34mLOC[0m [TemplateStoreV3,39THOlYItt1i6rPjYHjZMAOqVW2] Deferring Import lock for new record until after creation
2026/02/10 08:45:11 templateStoreV3Helpers.go:240: [34mLOC[0m [TemplateStoreV3,39THOrTjwIdGkuP6eStAc3xJAI0] Locked - POSTCREATE
2026/02/10 08:45:11 templateStoreV3Internals.go:57: [34mLOC[0m [TemplateStoreV3,39THOrTjwIdGkuP6eStAc3xJAI0] Deferring Update lock for new record until after creation
2026/02/10 08:45:11 templateStoreV3Helpers.go:251: [34mLOC[0m [TemplateStoreV3,39THOrTjwIdGkuP6eStAc3xJAI0] Unlocked - POSTCREATE
2026/02/10 08:45:11 templateStoreV3Internals.go:57: [34mLOC[0m [TemplateStoreV3,39THOy2iYwXTX1mljpvGayjpZ3t] Deferring Import lock for new record until after creation
2026/02/10 08:45:11 templateStoreV3Helpers.go:240: [34mLOC[0m [TemplateStoreV3,39THOvaxwnQVvmzaRc2J6yyWh2B] Locked - POSTCREATE
2026/02/10 08:45:11 templateStoreV3Internals.go:57: [34mLOC[0m [TemplateStoreV3,39THOvaxwnQVvmzaRc2J6yyWh2B] Deferring Update lock for new record until after creation
2026/02/10 08:45:11 templateStoreV3Helpers.go:251: [34mLOC[0m [TemplateStoreV3,39THOvaxwnQVvmzaRc2J6yyWh2B] Unlocked - POSTCREATE
2026/02/10 08:45:11 templateStoreV3Internals.go:52: [34mLOC[0m [TemplateStoreV3,39THOrTjwIdGkuP6eStAc3xJAI0] Locking for Update
2026/02/10 08:45:11 templateStoreV3Internals.go:151: [34mLOC[0m [TemplateStoreV3,39THOrTjwIdGkuP6eStAc3xJAI0] Unlocked record after post-processing: Update
2026/02/10 08:45:11 templateStoreV3Helpers.go:279: [34mLOC[0m [TemplateStoreV3,39THOrTjwIdGkuP6eStAc3xJAI0] Locked - POSTUPDATE
2026/02/10 08:45:11 templateStoreV3Internals.go:57: [34mLOC[0m [TemplateStoreV3,39THOrTjwIdGkuP6eStAc3xJAI0] Deferring Update lock for new record until after creation
2026/02/10 08:45:11 templateStoreV3Helpers.go:290: [34mLOC[0m [TemplateStoreV3,39THOrTjwIdGkuP6eStAc3xJAI0] Unlocked - POSTUPDATE
2026/02/10 08:45:11 templateStoreV3Internals.go:52: [34mLOC[0m [TemplateStoreV3,39THOvaxwnQVvmzaRc2J6yyWh2B] Locking for Update
2026/02/10 08:45:11 templateStoreV3Internals.go:151: [34mLOC[0m [TemplateStoreV3,39THOvaxwnQVvmzaRc2J6yyWh2B] Unlocked record after post-processing: Update
2026/02/10 08:45:11 templateStoreV3Helpers.go:279: [34mLOC[0m [TemplateStoreV3,39THOvaxwnQVvmzaRc2J6yyWh2B] Locked - POSTUPDATE
2026/02/10 08:45:11 templateStoreV3Internals.go:57: [34mLOC[0m [TemplateStoreV3,39THOvaxwnQVvmzaRc2J6yyWh2B] Deferring Update lock for new record until after creation
2026/02/10 08:45:11 templateStoreV3Helpers.go:290: [34mLOC[0m [TemplateStoreV3,39THOvaxwnQVvmzaRc2J6yyWh2B] Unlocked - POSTUPDATE
2026/02/10 08:45:11 templateStoreV3Internals.go:57: [34mLOC[0m [TemplateStoreV3,] Deferring Create lock for new record until after creation
2026/02/10 08:45:11 templateStoreV3Helpers.go:240: [34mLOC[0m [TemplateStoreV3,39THOslc7HJpABrQKCunNgsJ8lt] Locked - POSTCREATE
2026/02/10 08:45:11 templateStoreV3Internals.go:57: [34mLOC[0m [TemplateStoreV3,39THOslc7HJpABrQKCunNgsJ8lt] Deferring Update lock for new record until after creation
2026/02/10 08:45:11 templateStoreV3Helpers.go:251: [34mLOC[0m [TemplateStoreV3,39THOslc7HJpABrQKCunNgsJ8lt] Unlocked - POSTCREATE
2026/02/10 08:45:11 templateStoreV3Internals.go:52: [34mLOC[0m [TemplateStoreV3,39THOrTjwIdGkuP6eStAc3xJAI0] Locking for Update
2026/02/10 08:45:12 templateStoreV3Internals.go:151: [34mLOC[0m [TemplateStoreV3,39THOrTjwIdGkuP6eStAc3xJAI0] Unlocked record after post-processing: Update
2026/02/10 08:45:12 templateStoreV3Helpers.go:279: [34mLOC[0m [TemplateStoreV3,39THOrTjwIdGkuP6eStAc3xJAI0] Locked - POSTUPDATE
2026/02/10 08:45:12 templateStoreV3Internals.go:57: [34mLOC[0m [TemplateStoreV3,39THOrTjwIdGkuP6eStAc3xJAI0] Deferring Update lock for new record until after creation
2026/02/10 08:45:12 templateStoreV3Helpers.go:290: [34mLOC[0m [TemplateStoreV3,39THOrTjwIdGkuP6eStAc3xJAI0] Unlocked - POSTUPDATE
2026/02/10 08:45:12 templateStoreV3Internals.go:57: [34mLOC[0m [TemplateStoreV3,39THOrTjwIdGkuP6eStAc3xJAI0] Deferring Import lock for new record until after creation
2026/02/10 08:45:12 templateStoreV3Helpers.go:240: [34mLOC[0m [TemplateStoreV3,39THP0kQsyvN3KEggQSjWUEE2a3] Locked - POSTCREATE
2026/02/10 08:45:12 templateStoreV3Internals.go:57: [34mLOC[0m [TemplateStoreV3,39THP0kQsyvN3KEggQSjWUEE2a3] Deferring Update lock for new record until after creation
2026/02/10 08:45:12 templateStoreV3Helpers.go:251: [34mLOC[0m [TemplateStoreV3,39THP0kQsyvN3KEggQSjWUEE2a3] Unlocked - POSTCREATE
2026/02/10 08:45:12 templateStoreV3Internals.go:57: [34mLOC[0m [TemplateStoreV3,39THOvaxwnQVvmzaRc2J6yyWh2B] Deferring Import lock for new record until after creation
2026/02/10 08:45:12 templateStoreV3Helpers.go:240: [34mLOC[0m [TemplateStoreV3,39THP3LUSNVT1fkDeibtW1DIzhX] Locked - POSTCREATE
2026/02/10 08:45:12 templateStoreV3Internals.go:57: [34mLOC[0m [TemplateStoreV3,39THP3LUSNVT1fkDeibtW1DIzhX] Deferring Update lock for new record until after creation
2026/02/10 08:45:12 templateStoreV3Helpers.go:251: [34mLOC[0m [TemplateStoreV3,39THP3LUSNVT1fkDeibtW1DIzhX] Unlocked - POSTCREATE
2026/02/10 08:45:12 templateStoreV3Internals.go:57: [34mLOC[0m [TemplateStoreV3,39THOslc7HJpABrQKCunNgsJ8lt] Deferring Import lock for new record until after creation
2026/02/10 08:45:12 templateStoreV3Helpers.go:240: [34mLOC[0m [TemplateStoreV3,39THP216UMZspa48R912lG8fQPo] Locked - POSTCREATE
2026/02/10 08:45:12 templateStoreV3Internals.go:57: [34mLOC[0m [TemplateStoreV3,39THP216UMZspa48R912lG8fQPo] Deferring Update lock for new record until after creation
2026/02/10 08:45:12 templateStoreV3Helpers.go:251: [34mLOC[0m [TemplateStoreV3,39THP216UMZspa48R912lG8fQPo] Unlocked - POSTCREATE
2026/02/10 08:45:12 templateStoreV3Internals.go:52: [34mLOC[0m [TemplateStoreV3,39THP0kQsyvN3KEggQSjWUEE2a3] Locking for Update
2026/02/10 08:45:12 templateStoreV3Internals.go:151: [34mLOC[0m [TemplateStoreV3,39THP0kQsyvN3KEggQSjWUEE2a3] Unlocked record after post-processing: Update
2026/02/10 08:45:12 templateStoreV3Helpers.go:279: [34mLOC[0m [TemplateStoreV3,39THP0kQsyvN3KEggQSjWUEE2a3] Locked - POSTUPDATE
2026/02/10 08:45:12 templateStoreV3Internals.go:57: [34mLOC[0m [TemplateStoreV3,39THP0kQsyvN3KEggQSjWUEE2a3] Deferring Update lock for new record until after creation
2026/02/10 08:45:12 templateStoreV3Helpers.go:290: [34mLOC[0m [TemplateStoreV3,39THP0kQsyvN3KEggQSjWUEE2a3] Unlocked - POSTUPDATE
2026/02/10 08:45:12 templateStoreV3Internals.go:52: [34mLOC[0m [TemplateStoreV3,39THP3LUSNVT1fkDeibtW1DIzhX] Locking for Update
2026/02/10 08:45:12 templateStoreV3Internals.go:151: [34mLOC[0m [TemplateStoreV3,39THP3LUSNVT1fkDeibtW1DIzhX] Unlocked record after post-processing: Update
2026/02/10 08:45:12 templateStoreV3Helpers.go:279: [34mLOC[0m [TemplateStoreV3,39THP3LUSNVT1fkDeibtW1DIzhX] Locked - POSTUPDATE
2026/02/10 08:45:12 templateStoreV3Internals.go:57: [34mLOC[0m [TemplateStoreV3,39THP3LUSNVT1fkDeibtW1DIzhX] Deferring Update lock for new record until after creation
2026/02/10 08:45:12 templateStoreV3Helpers.go:290: [34mLOC[0m [TemplateStoreV3,39THP3LUSNVT1fkDeibtW1DIzhX] Unlocked - POSTUPDATE
2026/02/10 08:45:12 templateStoreV3Internals.go:52: [34mLOC[0m [TemplateStoreV3,39THP216UMZspa48R912lG8fQPo] Locking for Update
2026/02/10 08:45:12 templateStoreV3Internals.go:151: [34mLOC[0m [TemplateStoreV3,39THP216UMZspa48R912lG8fQPo] Unlocked record after post-processing: Update
2026/02/10 08:45:12 templateStoreV3Helpers.go:279: [34mLOC[0m [TemplateStoreV3,39THP216UMZspa48R912lG8fQPo] Locked - POSTUPDATE
2026/02/10 08:45:12 templateStoreV3Internals.go:57: [34mLOC[0m [TemplateStoreV3,39THP216UMZspa48R912lG8fQPo] Deferring Update lock for new record until after creation
2026/02/10 08:45:12 templateStoreV3Helpers.go:290: [34mLOC[0m [TemplateStoreV3,39THP216UMZspa48R912lG8fQPo] Unlocked - POSTUPDATE
2026/02/10 08:45:12 templateStoreV3Internals.go:57: [34mLOC[0m [TemplateStoreV3,] Deferring Create lock for new record until after creation
2026/02/10 08:45:13 templateStoreV3Helpers.go:240: [34mLOC[0m [TemplateStoreV3,39THP41Sjo8S2z6iTxZz3Da9ZKT] Locked - POSTCREATE
2026/02/10 08:45:13 templateStoreV3Internals.go:57: [34mLOC[0m [TemplateStoreV3,39THP41Sjo8S2z6iTxZz3Da9ZKT] Deferring Update lock for new record until after creation
2026/02/10 08:45:13 templateStoreV3Helpers.go:251: [34mLOC[0m [TemplateStoreV3,39THP41Sjo8S2z6iTxZz3Da9ZKT] Unlocked - POSTCREATE
2026/02/10 08:45:13 templateStoreV3Internals.go:52: [34mLOC[0m [TemplateStoreV3,39THP3LUSNVT1fkDeibtW1DIzhX] Locking for Update
2026/02/10 08:45:13 templateStoreV3Internals.go:151: [34mLOC[0m [TemplateStoreV3,39THP3LUSNVT1fkDeibtW1DIzhX] Unlocked record after post-processing: Update
2026/02/10 08:45:13 templateStoreV3Helpers.go:279: [34mLOC[0m [TemplateStoreV3,39THP3LUSNVT1fkDeibtW1DIzhX] Locked - POSTUPDATE
2026/02/10 08:45:13 templateStoreV3Internals.go:57: [34mLOC[0m [TemplateStoreV3,39THP3LUSNVT1fkDeibtW1DIzhX] Deferring Update lock for new record until after creation
2026/02/10 08:45:13 templateStoreV3Helpers.go:290: [34mLOC[0m [TemplateStoreV3,39THP3LUSNVT1fkDeibtW1DIzhX] Unlocked - POSTUPDATE
2026/02/10 08:45:13 templateStoreV3Internals.go:57: [34mLOC[0m [TemplateStoreV3,39THP0kQsyvN3KEggQSjWUEE2a3] Deferring Import lock for new record until after creation
2026/02/10 08:45:13 templateStoreV3Helpers.go:240: [34mLOC[0m [TemplateStoreV3,39THPDG3NIfLZsQJW2NABUpt4E2] Locked - POSTCREATE
2026/02/10 08:45:13 templateStoreV3Internals.go:57: [34mLOC[0m [TemplateStoreV3,39THPDG3NIfLZsQJW2NABUpt4E2] Deferring Update lock for new record until after creation
2026/02/10 08:45:13 templateStoreV3Helpers.go:251: [34mLOC[0m [TemplateStoreV3,39THPDG3NIfLZsQJW2NABUpt4E2] Unlocked - POSTCREATE
2026/02/10 08:45:13 templateStoreV3Internals.go:57: [34mLOC[0m [TemplateStoreV3,39THP3LUSNVT1fkDeibtW1DIzhX] Deferring Import lock for new record until after creation
2026/02/10 08:45:13 templateStoreV3Helpers.go:240: [34mLOC[0m [TemplateStoreV3,39THPD13LDDjVe39YGy7DcUprSB] Locked - POSTCREATE
2026/02/10 08:45:13 templateStoreV3Internals.go:57: [34mLOC[0m [TemplateStoreV3,39THPD13LDDjVe39YGy7DcUprSB] Deferring Update lock for new record until after creation
2026/02/10 08:45:13 templateStoreV3Helpers.go:251: [34mLOC[0m [TemplateStoreV3,39THPD13LDDjVe39YGy7DcUprSB] Unlocked - POSTCREATE
2026/02/10 08:45:13 templateStoreV3Internals.go:57: [34mLOC[0m [TemplateStoreV3,39THP216UMZspa48R912lG8fQPo] Deferring Import lock for new record until after creation
2026/02/10 08:45:13 templateStoreV3Helpers.go:240: [34mLOC[0m [TemplateStoreV3,39THP8Su2M7mDGJzPJw8gEXFZIp] Locked - POSTCREATE
2026/02/10 08:45:13 templateStoreV3Internals.go:57: [34mLOC[0m [TemplateStoreV3,39THP8Su2M7mDGJzPJw8gEXFZIp] Deferring Update lock for new record until after creation
2026/02/10 08:45:13 templateStoreV3Helpers.go:251: [34mLOC[0m [TemplateStoreV3,39THP8Su2M7mDGJzPJw8gEXFZIp] Unlocked - POSTCREATE
2026/02/10 08:45:13 templateStoreV3Internals.go:57: [34mLOC[0m [TemplateStoreV3,39THP41Sjo8S2z6iTxZz3Da9ZKT] Deferring Import lock for new record until after creation
2026/02/10 08:45:13 templateStoreV3Helpers.go:240: [34mLOC[0m [TemplateStoreV3,39THPDrcV3FjgKe5nlZFtGGtfwL] Locked - POSTCREATE
2026/02/10 08:45:13 templateStoreV3Internals.go:57: [34mLOC[0m [TemplateStoreV3,39THPDrcV3FjgKe5nlZFtGGtfwL] Deferring Update lock for new record until after creation
2026/02/10 08:45:13 templateStoreV3Helpers.go:251: [34mLOC[0m [TemplateStoreV3,39THPDrcV3FjgKe5nlZFtGGtfwL] Unlocked - POSTCREATE
2026/02/10 08:45:13 templateStoreV3Internals.go:52: [34mLOC[0m [TemplateStoreV3,39THPDG3NIfLZsQJW2NABUpt4E2] Locking for Update
2026/02/10 08:45:13 templateStoreV3Internals.go:151: [34mLOC[0m [TemplateStoreV3,39THPDG3NIfLZsQJW2NABUpt4E2] Unlocked record after post-processing: Update
2026/02/10 08:45:13 templateStoreV3Helpers.go:279: [34mLOC[0m [TemplateStoreV3,39THPDG3NIfLZsQJW2NABUpt4E2] Locked - POSTUPDATE
2026/02/10 08:45:13 templateStoreV3Internals.go:57: [34mLOC[0m [TemplateStoreV3,39THPDG3NIfLZsQJW2NABUpt4E2] Deferring Update lock for new record until after creation
2026/02/10 08:45:13 templateStoreV3Helpers.go:290: [34mLOC[0m [TemplateStoreV3,39THPDG3NIfLZsQJW2NABUpt4E2] Unlocked - POSTUPDATE
2026/02/10 08:45:13 templateStoreV3Internals.go:52: [34mLOC[0m [TemplateStoreV3,39THPD13LDDjVe39YGy7DcUprSB] Locking for Update
2026/02/10 08:45:13 templateStoreV3Internals.go:151: [34mLOC[0m [TemplateStoreV3,39THPD13LDDjVe39YGy7DcUprSB] Unlocked record after post-processing: Update
2026/02/10 08:45:13 templateStoreV3Helpers.go:279: [34mLOC[0m [TemplateStoreV3,39THPD13LDDjVe39YGy7DcUprSB] Locked - POSTUPDATE
2026/02/10 08:45:13 templateStoreV3Internals.go:57: [34mLOC[0m [TemplateStoreV3,39THPD13LDDjVe39YGy7DcUprSB] Deferring Update lock for new record until after creation
2026/02/10 08:45:13 templateStoreV3Helpers.go:290: [34mLOC[0m [TemplateStoreV3,39THPD13LDDjVe39YGy7DcUprSB] Unlocked - POSTUPDATE
2026/02/10 08:45:13 templateStoreV3Internals.go:52: [34mLOC[0m [TemplateStoreV3,39THP8Su2M7mDGJzPJw8gEXFZIp] Locking for Update
2026/02/10 08:45:14 templateStoreV3Internals.go:151: [34mLOC[0m [TemplateStoreV3,39THP8Su2M7mDGJzPJw8gEXFZIp] Unlocked record after post-processing: Update
2026/02/10 08:45:14 templateStoreV3Helpers.go:279: [34mLOC[0m [TemplateStoreV3,39THP8Su2M7mDGJzPJw8gEXFZIp] Locked - POSTUPDATE
2026/02/10 08:45:14 templateStoreV3Internals.go:57: [34mLOC[0m [TemplateStoreV3,39THP8Su2M7mDGJzPJw8gEXFZIp] Deferring Update lock for new record until after creation
2026/02/10 08:45:14 templateStoreV3Helpers.go:290: [34mLOC[0m [TemplateStoreV3,39THP8Su2M7mDGJzPJw8gEXFZIp] Unlocked - POSTUPDATE
2026/02/10 08:45:14 templateStoreV3Internals.go:52: [34mLOC[0m [TemplateStoreV3,39THPDrcV3FjgKe5nlZFtGGtfwL] Locking for Update
2026/02/10 08:45:14 templateStoreV3Internals.go:151: [34mLOC[0m [TemplateStoreV3,39THPDrcV3FjgKe5nlZFtGGtfwL] Unlocked record after post-processing: Update
2026/02/10 08:45:14 templateStoreV3Helpers.go:279: [34mLOC[0m [TemplateStoreV3,39THPDrcV3FjgKe5nlZFtGGtfwL] Locked - POSTUPDATE
2026/02/10 08:45:14 templateStoreV3Internals.go:57: [34mLOC[0m [TemplateStoreV3,39THPDrcV3FjgKe5nlZFtGGtfwL] Deferring Update lock for new record until after creation
2026/02/10 08:45:14 templateStoreV3Helpers.go:290: [34mLOC[0m [TemplateStoreV3,39THPDrcV3FjgKe5nlZFtGGtfwL] Unlocked - POSTUPDATE
2026/02/10 08:45:14 templateStoreV3Internals.go:57: [34mLOC[0m [TemplateStoreV3,] Deferring Create lock for new record until after creation
2026/02/10 08:45:14 templateStoreV3Helpers.go:240: [34mLOC[0m [TemplateStoreV3,39THPHTPfytnIBCcxqsINCpA3gm] Locked - POSTCREATE
2026/02/10 08:45:14 templateStoreV3Internals.go:57: [34mLOC[0m [TemplateStoreV3,39THPHTPfytnIBCcxqsINCpA3gm] Deferring Update lock for new record until after creation
2026/02/10 08:45:14 templateStoreV3Helpers.go:251: [34mLOC[0m [TemplateStoreV3,39THPHTPfytnIBCcxqsINCpA3gm] Unlocked - POSTCREATE
2026/02/10 08:45:14 templateStoreV3Internals.go:52: [34mLOC[0m [TemplateStoreV3,39THPDG3NIfLZsQJW2NABUpt4E2] Locking for Update
2026/02/10 08:45:14 templateStoreV3Internals.go:151: [34mLOC[0m [TemplateStoreV3,39THPDG3NIfLZsQJW2NABUpt4E2] Unlocked record after post-processing: Update
2026/02/10 08:45:14 templateStoreV3Helpers.go:279: [34mLOC[0m [TemplateStoreV3,39THPDG3NIfLZsQJW2NABUpt4E2] Locked - POSTUPDATE
2026/02/10 08:45:14 templateStoreV3Internals.go:57: [34mLOC[0m [TemplateStoreV3,39THPDG3NIfLZsQJW2NABUpt4E2] Deferring Update lock for new record until after creation
2026/02/10 08:45:14 templateStoreV3Helpers.go:290: [34mLOC[0m [TemplateStoreV3,39THPDG3NIfLZsQJW2NABUpt4E2] Unlocked - POSTUPDATE
2026/02/10 08:45:14 templateStoreV3Internals.go:57: [34mLOC[0m [TemplateStoreV3,39THPDG3NIfLZsQJW2NABUpt4E2] Deferring Import lock for new record until after creation
2026/02/10 08:45:14 templateStoreV3Helpers.go:240: [34mLOC[0m [TemplateStoreV3,39THPFb1klnQY6Mvt4hVfZ9Ezny] Locked - POSTCREATE
2026/02/10 08:45:14 templateStoreV3Internals.go:57: [34mLOC[0m [TemplateStoreV3,39THPFb1klnQY6Mvt4hVfZ9Ezny] Deferring Update lock for new record until after creation
2026/02/10 08:45:14 templateStoreV3Helpers.go:251: [34mLOC[0m [TemplateStoreV3,39THPFb1klnQY6Mvt4hVfZ9Ezny] Unlocked - POSTCREATE
2026/02/10 08:45:14 templateStoreV3Internals.go:57: [34mLOC[0m [TemplateStoreV3,39THPD13LDDjVe39YGy7DcUprSB] Deferring Import lock for new record until after creation
2026/02/10 08:45:14 templateStoreV3Helpers.go:240: [34mLOC[0m [TemplateStoreV3,39THPF4BakMCB0mMgTCVb2ZQDdj] Locked - POSTCREATE
2026/02/10 08:45:14 templateStoreV3Internals.go:57: [34mLOC[0m [TemplateStoreV3,39THPF4BakMCB0mMgTCVb2ZQDdj] Deferring Update lock for new record until after creation
2026/02/10 08:45:14 templateStoreV3Helpers.go:251: [34mLOC[0m [TemplateStoreV3,39THPF4BakMCB0mMgTCVb2ZQDdj] Unlocked - POSTCREATE
2026/02/10 08:45:14 templateStoreV3Internals.go:57: [34mLOC[0m [TemplateStoreV3,39THP8Su2M7mDGJzPJw8gEXFZIp] Deferring Import lock for new record until after creation
2026/02/10 08:45:14 templateStoreV3Helpers.go:240: [34mLOC[0m [TemplateStoreV3,39THPJ4Jm64I8NYEIo2K0hurdEA] Locked - POSTCREATE
2026/02/10 08:45:14 templateStoreV3Internals.go:57: [34mLOC[0m [TemplateStoreV3,39THPJ4Jm64I8NYEIo2K0hurdEA] Deferring Update lock for new record until after creation
2026/02/10 08:45:14 templateStoreV3Helpers.go:251: [34mLOC[0m [TemplateStoreV3,39THPJ4Jm64I8NYEIo2K0hurdEA] Unlocked - POSTCREATE
2026/02/10 08:45:14 templateStoreV3Internals.go:57: [34mLOC[0m [TemplateStoreV3,39THPDrcV3FjgKe5nlZFtGGtfwL] Deferring Import lock for new record until after creation
2026/02/10 08:45:15 templateStoreV3Helpers.go:240: [34mLOC[0m [TemplateStoreV3,39THPHfjwzzMzaOr9Fu2iJeWHzS] Locked - POSTCREATE
2026/02/10 08:45:15 templateStoreV3Internals.go:57: [34mLOC[0m [TemplateStoreV3,39THPHfjwzzMzaOr9Fu2iJeWHzS] Deferring Update lock for new record until after creation
2026/02/10 08:45:15 templateStoreV3Helpers.go:251: [34mLOC[0m [TemplateStoreV3,39THPHfjwzzMzaOr9Fu2iJeWHzS] Unlocked - POSTCREATE
2026/02/10 08:45:15 templateStoreV3Internals.go:57: [34mLOC[0m [TemplateStoreV3,39THPHTPfytnIBCcxqsINCpA3gm] Deferring Import lock for new record until after creation
2026/02/10 08:45:15 templateStoreV3Helpers.go:240: [34mLOC[0m [TemplateStoreV3,39THPTAXu3QMN69GLrb9qXBbl7E] Locked - POSTCREATE
2026/02/10 08:45:15 templateStoreV3Internals.go:57: [34mLOC[0m [TemplateStoreV3,39THPTAXu3QMN69GLrb9qXBbl7E] Deferring Update lock for new record until after creation
2026/02/10 08:45:15 templateStoreV3Helpers.go:251: [34mLOC[0m [TemplateStoreV3,39THPTAXu3QMN69GLrb9qXBbl7E] Unlocked - POSTCREATE
